Archive member included to satisfy reference by file (symbol)

C:/ST/STM32CubeIDE_1.18.0/STM32CubeIDE/plugins/com.st.stm32cube.ide.mcu.externaltools.gnu-tools-for-stm32.13.3.rel1.win32_1.0.0.202411081344/tools/bin/../lib/gcc/arm-none-eabi/13.3.1/../../../../arm-none-eabi/lib/thumb/v7-m/nofp\libc_nano.a(libc_a-exit.o)
                              C:/ST/STM32CubeIDE_1.18.0/STM32CubeIDE/plugins/com.st.stm32cube.ide.mcu.externaltools.gnu-tools-for-stm32.13.3.rel1.win32_1.0.0.202411081344/tools/bin/../lib/gcc/arm-none-eabi/13.3.1/../../../../arm-none-eabi/lib/thumb/v7-m/nofp/crt0.o (exit)
C:/ST/STM32CubeIDE_1.18.0/STM32CubeIDE/plugins/com.st.stm32cube.ide.mcu.externaltools.gnu-tools-for-stm32.13.3.rel1.win32_1.0.0.202411081344/tools/bin/../lib/gcc/arm-none-eabi/13.3.1/../../../../arm-none-eabi/lib/thumb/v7-m/nofp\libc_nano.a(libc_a-findfp.o)
                              C:/ST/STM32CubeIDE_1.18.0/STM32CubeIDE/plugins/com.st.stm32cube.ide.mcu.externaltools.gnu-tools-for-stm32.13.3.rel1.win32_1.0.0.202411081344/tools/bin/../lib/gcc/arm-none-eabi/13.3.1/../../../../arm-none-eabi/lib/thumb/v7-m/nofp\libc_nano.a(libc_a-exit.o) (__stdio_exit_handler)
C:/ST/STM32CubeIDE_1.18.0/STM32CubeIDE/plugins/com.st.stm32cube.ide.mcu.externaltools.gnu-tools-for-stm32.13.3.rel1.win32_1.0.0.202411081344/tools/bin/../lib/gcc/arm-none-eabi/13.3.1/../../../../arm-none-eabi/lib/thumb/v7-m/nofp\libc_nano.a(libc_a-fwalk.o)
                              C:/ST/STM32CubeIDE_1.18.0/STM32CubeIDE/plugins/com.st.stm32cube.ide.mcu.externaltools.gnu-tools-for-stm32.13.3.rel1.win32_1.0.0.202411081344/tools/bin/../lib/gcc/arm-none-eabi/13.3.1/../../../../arm-none-eabi/lib/thumb/v7-m/nofp\libc_nano.a(libc_a-findfp.o) (_fwalk_sglue)
C:/ST/STM32CubeIDE_1.18.0/STM32CubeIDE/plugins/com.st.stm32cube.ide.mcu.externaltools.gnu-tools-for-stm32.13.3.rel1.win32_1.0.0.202411081344/tools/bin/../lib/gcc/arm-none-eabi/13.3.1/../../../../arm-none-eabi/lib/thumb/v7-m/nofp\libc_nano.a(libc_a-stdio.o)
                              C:/ST/STM32CubeIDE_1.18.0/STM32CubeIDE/plugins/com.st.stm32cube.ide.mcu.externaltools.gnu-tools-for-stm32.13.3.rel1.win32_1.0.0.202411081344/tools/bin/../lib/gcc/arm-none-eabi/13.3.1/../../../../arm-none-eabi/lib/thumb/v7-m/nofp\libc_nano.a(libc_a-findfp.o) (__sread)
C:/ST/STM32CubeIDE_1.18.0/STM32CubeIDE/plugins/com.st.stm32cube.ide.mcu.externaltools.gnu-tools-for-stm32.13.3.rel1.win32_1.0.0.202411081344/tools/bin/../lib/gcc/arm-none-eabi/13.3.1/../../../../arm-none-eabi/lib/thumb/v7-m/nofp\libc_nano.a(libc_a-memset.o)
                              C:/ST/STM32CubeIDE_1.18.0/STM32CubeIDE/plugins/com.st.stm32cube.ide.mcu.externaltools.gnu-tools-for-stm32.13.3.rel1.win32_1.0.0.202411081344/tools/bin/../lib/gcc/arm-none-eabi/13.3.1/../../../../arm-none-eabi/lib/thumb/v7-m/nofp/crt0.o (memset)
C:/ST/STM32CubeIDE_1.18.0/STM32CubeIDE/plugins/com.st.stm32cube.ide.mcu.externaltools.gnu-tools-for-stm32.13.3.rel1.win32_1.0.0.202411081344/tools/bin/../lib/gcc/arm-none-eabi/13.3.1/../../../../arm-none-eabi/lib/thumb/v7-m/nofp\libc_nano.a(libc_a-closer.o)
                              C:/ST/STM32CubeIDE_1.18.0/STM32CubeIDE/plugins/com.st.stm32cube.ide.mcu.externaltools.gnu-tools-for-stm32.13.3.rel1.win32_1.0.0.202411081344/tools/bin/../lib/gcc/arm-none-eabi/13.3.1/../../../../arm-none-eabi/lib/thumb/v7-m/nofp\libc_nano.a(libc_a-stdio.o) (_close_r)
C:/ST/STM32CubeIDE_1.18.0/STM32CubeIDE/plugins/com.st.stm32cube.ide.mcu.externaltools.gnu-tools-for-stm32.13.3.rel1.win32_1.0.0.202411081344/tools/bin/../lib/gcc/arm-none-eabi/13.3.1/../../../../arm-none-eabi/lib/thumb/v7-m/nofp\libc_nano.a(libc_a-reent.o)
                              C:/ST/STM32CubeIDE_1.18.0/STM32CubeIDE/plugins/com.st.stm32cube.ide.mcu.externaltools.gnu-tools-for-stm32.13.3.rel1.win32_1.0.0.202411081344/tools/bin/../lib/gcc/arm-none-eabi/13.3.1/../../../../arm-none-eabi/lib/thumb/v7-m/nofp\libc_nano.a(libc_a-closer.o) (errno)
C:/ST/STM32CubeIDE_1.18.0/STM32CubeIDE/plugins/com.st.stm32cube.ide.mcu.externaltools.gnu-tools-for-stm32.13.3.rel1.win32_1.0.0.202411081344/tools/bin/../lib/gcc/arm-none-eabi/13.3.1/../../../../arm-none-eabi/lib/thumb/v7-m/nofp\libc_nano.a(libc_a-impure.o)
                              C:/ST/STM32CubeIDE_1.18.0/STM32CubeIDE/plugins/com.st.stm32cube.ide.mcu.externaltools.gnu-tools-for-stm32.13.3.rel1.win32_1.0.0.202411081344/tools/bin/../lib/gcc/arm-none-eabi/13.3.1/../../../../arm-none-eabi/lib/thumb/v7-m/nofp\libc_nano.a(libc_a-reent.o) (_impure_ptr)
C:/ST/STM32CubeIDE_1.18.0/STM32CubeIDE/plugins/com.st.stm32cube.ide.mcu.externaltools.gnu-tools-for-stm32.13.3.rel1.win32_1.0.0.202411081344/tools/bin/../lib/gcc/arm-none-eabi/13.3.1/../../../../arm-none-eabi/lib/thumb/v7-m/nofp\libc_nano.a(libc_a-lseekr.o)
[...]
Memory Configuration

Name             Origin             Length             Attributes
RAM              0x20000000         0x00005000         xrw
FLASH            0x08000000         0x00020000         xr
*default*        0x00000000         0xffffffff

Linker script and memory map

LOAD C:/ST/STM32CubeIDE_1.18.0/STM32CubeIDE/plugins/com.st.stm32cube.ide.mcu.externaltools.gnu-tools-for-stm32.13.3.rel1.win32_1.0.0.202411081344/tools/bin/../lib/gcc/arm-none-eabi/13.3.1/thumb/v7-m/nofp/crti.o
LOAD C:/ST/STM32CubeIDE_1.18.0/STM32CubeIDE/plugins/com.st.stm32cube.ide.mcu.externaltools.gnu-tools-for-stm32.13.3.rel1.win32_1.0.0.202411081344/tools/bin/../lib/gcc/arm-none-eabi/13.3.1/thumb/v7-m/nofp/crtbegin.o
LOAD C:/ST/STM32CubeIDE_1.18.0/STM32CubeIDE/plugins/com.st.stm32cube.ide.mcu.externaltools.gnu-tools-for-stm32.13.3.rel1.win32_1.0.0.202411081344/tools/bin/../lib/gcc/arm-none-eabi/13.3.1/../../../../arm-none-eabi/lib/thumb/v7-m/nofp/crt0.o
LOAD ./.metadata/.plugins/org.eclipse.cdt.make.core/specs.o
LOAD ./.metadata/.plugins/org.eclipse.cdt.managedbuilder.core/spec.o
LOAD ./src/ap/ap.o
LOAD ./src/bsp/bsp.o
LOAD ./src/bsp/stm32f1xx_hal_msp.o
LOAD ./src/bsp/stm32f1xx_it.o
LOAD ./src/bsp/syscalls.o
LOAD ./src/bsp/sysmem.o
LOAD ./src/bsp/system_stm32f1xx.o
LOAD ./src/bsp/startup/startup_stm32f103rbtx.o
LOAD ./src/hw/driver/led.o
LOAD ./src/hw/hw.o
LOAD ./src/lib/cube_f103/Drivers/STM32F1xx_HAL_Driver/Src/stm32f1xx_hal.o
LOAD ./src/lib/cube_f103/Drivers/STM32F1xx_HAL_Driver/Src/stm32f1xx_hal_cortex.o
LOAD ./src/lib/cube_f103/Drivers/STM32F1xx_HAL_Driver/Src/stm32f1xx_hal_dma.o
LOAD ./src/lib/cube_f103/Drivers/STM32F1xx_HAL_Driver/Src/stm32f1xx_hal_exti.o
LOAD ./src/lib/cube_f103/Drivers/STM32F1xx_HAL_Driver/Src/stm32f1xx_hal_flash.o
LOAD ./src/lib/cube_f103/Drivers/STM32F1xx_HAL_Driver/Src/stm32f1xx_hal_flash_ex.o
LOAD ./src/lib/cube_f103/Drivers/STM32F1xx_HAL_Driver/Src/stm32f1xx_hal_gpio.o
LOAD ./src/lib/cube_f103/Drivers/STM32F1xx_HAL_Driver/Src/stm32f1xx_hal_gpio_ex.o
LOAD ./src/lib/cube_f103/Drivers/STM32F1xx_HAL_Driver/Src/stm32f1xx_hal_pcd.o
LOAD ./src/lib/cube_f103/Drivers/STM32F1xx_HAL_Driver/Src/stm32f1xx_hal_pcd_ex.o
LOAD ./src/lib/cube_f103/Drivers/STM32F1xx_HAL_Driver/Src/stm32f1xx_hal_pwr.o
LOAD ./src/lib/cube_f103/Drivers/STM32F1xx_HAL_Driver/Src/stm32f1xx_hal_rcc.o
LOAD ./src/lib/cube_f103/Drivers/STM32F1xx_HAL_Driver/Src/stm32f1xx_hal_rcc_ex.o
LOAD ./src/lib/cube_f103/Drivers/STM32F1xx_HAL_Driver/Src/stm32f1xx_ll_usb.o
LOAD ./src/lib/cube_f103/Middlewares/ST/STM32_USB_Device_Library/Class/CDC/Src/usbd_cdc.o
LOAD ./src/lib/cube_f103/Middlewares/ST/STM32_USB_Device_Library/Core/Src/usbd_core.o
LOAD ./src/lib/cube_f103/Middlewares/ST/STM32_USB_Device_Library/Core/Src/usbd_ctlreq.o
LOAD ./src/lib/cube_f103/Middlewares/ST/STM32_USB_Device_Library/Core/Src/usbd_ioreq.o
LOAD ./src/lib/cube_f103/USB_DEVICE/App/usb_device.o
LOAD ./src/lib/cube_f103/USB_DEVICE/App/usbd_cdc_if.o
LOAD ./src/lib/cube_f103/USB_DEVICE/App/usbd_desc.o
LOAD ./src/lib/cube_f103/USB_DEVICE/Target/usbd_conf.o
LOAD ./src/main.o
START GROUP
LOAD C:/ST/STM32CubeIDE_1.18.0/STM32CubeIDE/plugins/com.st.stm32cube.ide.mcu.externaltools.gnu-tools-for-stm32.13.3.rel1.win32_1.0.0.202411081344/tools/bin/../lib/gcc/arm-none-eabi/13.3.1/../../../../arm-none-eabi/lib/thumb/v7-m/nofp\libc_nano.a
LOAD C:/ST/STM32CubeIDE_1.18.0/STM32CubeIDE/plugins/com.st.stm32cube.ide.mcu.externaltools.gnu-tools-for-stm32.13.3.rel1.win32_1.0.0.202411081344/tools/bin/../lib/gcc/arm-none-eabi/13.3.1/../../../../arm-none-eabi/lib/thumb/v7-m/nofp\libm.a
END GROUP
START GROUP
LOAD C:/ST/STM32CubeIDE_1.18.0/STM32CubeIDE/plugins/com.st.stm32cube.ide.mcu.externaltools.gnu-tools-for-stm32.13.3.rel1.win32_1.0.0.202411081344/tools/bin/../lib/gcc/arm-none-eabi/13.3.1/thumb/v7-m/nofp\libgcc.a
LOAD C:/ST/STM32CubeIDE_1.18.0/STM32CubeIDE/plugins/com.st.stm32cube.ide.mcu.externaltools.gnu-tools-for-stm32.13.3.rel1.win32_1.0.0.202411081344/tools/bin/../lib/gcc/arm-none-eabi/13.3.1/../../../../arm-none-eabi/lib/thumb/v7-m/nofp\libc_nano.a
END GROUP
START GROUP
LOAD C:/ST/STM32CubeIDE_1.18.0/STM32CubeIDE/plugins/com.st.stm32cube.ide.mcu.externaltools.gnu-tools-for-stm32.13.3.rel1.win32_1.0.0.202411081344/tools/bin/../lib/gcc/arm-none-eabi/13.3.1/thumb/v7-m/nofp\libgcc.a
LOAD C:/ST/STM32CubeIDE_1.18.0/STM32CubeIDE/plugins/com.st.stm32cube.ide.mcu.externaltools.gnu-tools-for-stm32.13.3.rel1.win32_1.0.0.202411081344/tools/bin/../lib/gcc/arm-none-eabi/13.3.1/../../../../arm-none-eabi/lib/thumb/v7-m/nofp\libc_nano.a
LOAD C:/ST/STM32CubeIDE_1.18.0/STM32CubeIDE/plugins/com.st.stm32cube.ide.mcu.externaltools.gnu-tools-for-stm32.13.3.rel1.win32_1.0.0.202411081344/tools/bin/../lib/gcc/arm-none-eabi/13.3.1/../../../../arm-none-eabi/lib/thumb/v7-m/nofp\libnosys.a
END GROUP
START GROUP
LOAD C:/ST/STM32CubeIDE_1.18.0/STM32CubeIDE/plugins/com.st.stm32cube.ide.mcu.externaltools.gnu-tools-for-stm32.13.3.rel1.win32_1.0.0.202411081344/tools/bin/../lib/gcc/arm-none-eabi/13.3.1/thumb/v7-m/nofp\libgcc.a
LOAD C:/ST/STM32CubeIDE_1.18.0/STM32CubeIDE/plugins/com.st.stm32cube.ide.mcu.externaltools.gnu-tools-for-stm32.13.3.rel1.win32_1.0.0.202411081344/tools/bin/../lib/gcc/arm-none-eabi/13.3.1/../../../../arm-none-eabi/lib/thumb/v7-m/nofp\libc_nano.a
LOAD C:/ST/STM32CubeIDE_1.18.0/STM32CubeIDE/plugins/com.st.stm32cube.ide.mcu.externaltools.gnu-tools-for-stm32.13.3.rel1.win32_1.0.0.202411081344/tools/bin/../lib/gcc/arm-none-eabi/13.3.1/../../../../arm-none-eabi/lib/thumb/v7-m/nofp\libnosys.a
END GROUP
LOAD C:/ST/STM32CubeIDE_1.18.0/STM32CubeIDE/plugins/com.st.stm32cube.ide.mcu.externaltools.gnu-tools-for-stm32.13.3.rel1.win32_1.0.0.202411081344/tools/bin/../lib/gcc/arm-none-eabi/13.3.1/thumb/v7-m/nofp/crtend.o
LOAD C:/ST/STM32CubeIDE_1.18.0/STM32CubeIDE/plugins/com.st.stm32cube.ide.mcu.externaltools.gnu-tools-for-stm32.13.3.rel1.win32_1.0.0.202411081344/tools/bin/../lib/gcc/arm-none-eabi/13.3.1/thumb/v7-m/nofp/crtn.o
                0x20005000                        _estack = (ORIGIN (RAM) + LENGTH (RAM))
                0x00000200                        _Min_Heap_Size = 0x200
                0x00000400                        _Min_Stack_Size = 0x400

.isr_vector     0x08000000      0x10c
                0x08000000                        . = ALIGN (0x4)
 *(.isr_vector)
 .isr_vector    0x08000000      0x10c ./src/bsp/startup/startup_stm32f103rbtx.o
                0x08000000                g_pfnVectors
                0x0800010c                        . = ALIGN (0x4)

.text           0x0800010c     0x5bf4
                0x0800010c                        . = ALIGN (0x4)
 *(.text)
 .text          0x0800010c       0x40 C:/ST/STM32CubeIDE_1.18.0/STM32CubeIDE/plugins/com.st.stm32cube.ide.mcu.externaltools.gnu-tools-for-stm32.13.3.rel1.win32_1.0.0.202411081344/tools/bin/../lib/gcc/arm-none-eabi/13.3.1/thumb/v7-m/nofp/crtbegin.o
 *(.text*)
 .text.ap_Init  0x0800014c        0xc ./src/ap/ap.o
                0x0800014c                ap_Init
 .text.ap_Main  0x08000158       0x16 ./src/ap/ap.o
                0x08000158                ap_Main
 *fill*         0x0800016e        0x2 
 .text.bsp_Init
                0x08000170       0x4c ./src/bsp/bsp.o
                0x08000170                bsp_Init
 .text.delay    0x080001bc       0x16 ./src/bsp/bsp.o
                0x080001bc                delay
 .text.SystemClock_Config
                0x080001d2       0xb4 ./src/bsp/bsp.o
                0x080001d2                SystemClock_Config
 .text.Error_Handler
                0x08000286        0xc ./src/bsp/bsp.o
                0x08000286                Error_Handler
 *fill*         0x08000292        0x2 
 .text.HAL_MspInit
                0x08000294       0x64 ./src/bsp/stm32f1xx_hal_msp.o
                0x08000294                HAL_MspInit
 .text.NMI_Handler
                0x080002f8        0x8 ./src/bsp/stm32f1xx_it.o
                0x080002f8                NMI_Handler
 .text.HardFault_Handler
                0x08000300        0x8 ./src/bsp/stm32f1xx_it.o
                0x08000300                HardFault_Handler
 .text.MemManage_Handler
                0x08000308        0x8 ./src/bsp/stm32f1xx_it.o
                0x08000308                MemManage_Handler
 .text.BusFault_Handler
                0x08000310        0x8 ./src/bsp/stm32f1xx_it.o
                0x08000310                BusFault_Handler
 .text.UsageFault_Handler
                0x08000318        0x8 ./src/bsp/stm32f1xx_it.o
                0x08000318                UsageFault_Handler
 .text.SVC_Handler
                0x08000320        0xc ./src/bsp/stm32f1xx_it.o
                0x08000320                SVC_Handler
 .text.DebugMon_Handler
                0x0800032c        0xc ./src/bsp/stm32f1xx_it.o
                0x0800032c                DebugMon_Handler
 .text.PendSV_Handler
                0x08000338        0xc ./src/bsp/stm32f1xx_it.o
                0x08000338                PendSV_Handler
 .text.SysTick_Handler
                0x08000344        0xc ./src/bsp/stm32f1xx_it.o
                0x08000344                SysTick_Handler
 .text.USB_LP_CAN1_RX0_IRQHandler
                0x08000350       0x14 ./src/bsp/stm32f1xx_it.o
                0x08000350                USB_LP_CAN1_RX0_IRQHandler
 .text.SystemInit
                0x08000364        0xc ./src/bsp/system_stm32f1xx.o
                0x08000364                SystemInit
 .text.Reset_Handler
                0x08000370       0x48 ./src/bsp/startup/startup_stm32f103rbtx.o
                0x08000370                Reset_Handler
 .text.Default_Handler
                0x080003b8        0x2 ./src/bsp/startup/startup_stm32f103rbtx.o
                0x080003b8                RTC_Alarm_IRQHandler
                0x080003b8                EXTI2_IRQHandler
                0x080003b8                TIM1_CC_IRQHandler
                0x080003b8                PVD_IRQHandler
                0x080003b8                EXTI3_IRQHandler
                0x080003b8                EXTI0_IRQHandler
                0x080003b8                I2C2_EV_IRQHandler
                0x080003b8                ADC1_2_IRQHandler
                0x080003b8                SPI1_IRQHandler
                0x080003b8                TAMPER_IRQHandler
                0x080003b8                DMA1_Channel4_IRQHandler
                0x080003b8                USART3_IRQHandler
                0x080003b8                RTC_IRQHandler
                0x080003b8                DMA1_Channel7_IRQHandler
                0x080003b8                CAN1_RX1_IRQHandler
                0x080003b8                TIM4_IRQHandler
                0x080003b8                I2C1_EV_IRQHandler
                0x080003b8                DMA1_Channel6_IRQHandler
                0x080003b8                TIM3_IRQHandler
                0x080003b8                RCC_IRQHandler
                0x080003b8                TIM1_TRG_COM_IRQHandler
                0x080003b8                DMA1_Channel1_IRQHandler
                0x080003b8                Default_Handler
                0x080003b8                EXTI15_10_IRQHandler
                0x080003b8                EXTI9_5_IRQHandler
                0x080003b8                SPI2_IRQHandler
                0x080003b8                DMA1_Channel5_IRQHandler
                0x080003b8                EXTI4_IRQHandler
                0x080003b8                USB_HP_CAN1_TX_IRQHandler
                0x080003b8                DMA1_Channel3_IRQHandler
                0x080003b8                TIM1_UP_IRQHandler
                0x080003b8                WWDG_IRQHandler
                0x080003b8                TIM2_IRQHandler
                0x080003b8                TIM1_BRK_IRQHandler
                0x080003b8                EXTI1_IRQHandler
                0x080003b8                USART2_IRQHandler
                0x080003b8                I2C2_ER_IRQHandler
                0x080003b8                DMA1_Channel2_IRQHandler
                0x080003b8                CAN1_SCE_IRQHandler
                0x080003b8                FLASH_IRQHandler
                0x080003b8                USART1_IRQHandler
                0x080003b8                I2C1_ER_IRQHandler
                0x080003b8                USBWakeUp_IRQHandler
 *fill*         0x080003ba        0x2 
 .text.led_init
                0x080003bc       0x8c ./src/hw/driver/led.o
                0x080003bc                led_init
 .text.led_off  0x08000448       0x40 ./src/hw/driver/led.o
                0x08000448                led_off
 .text.led_toggle
                0x08000488       0x38 ./src/hw/driver/led.o
                0x08000488                led_toggle
 .text.hw_Init  0x080004c0       0x10 ./src/hw/hw.o
                0x080004c0                hw_Init
 .text.HAL_Init
                0x080004d0       0x2c ./src/lib/cube_f103/Drivers/STM32F1xx_HAL_Driver/Src/stm32f1xx_hal.o
                0x080004d0                HAL_Init
 .text.HAL_InitTick
                0x080004fc       0x60 ./src/lib/cube_f103/Drivers/STM32F1xx_HAL_Driver/Src/stm32f1xx_hal.o
                0x080004fc                HAL_InitTick
 .text.HAL_IncTick
                0x0800055c       0x24 ./src/lib/cube_f103/Drivers/STM32F1xx_HAL_Driver/Src/stm32f1xx_hal.o
                0x0800055c                HAL_IncTick
 .text.HAL_GetTick
                0x08000580       0x14 ./src/lib/cube_f103/Drivers/STM32F1xx_HAL_Driver/Src/stm32f1xx_hal.o
                0x08000580                HAL_GetTick
 .text.HAL_Delay
                0x08000594       0x48 ./src/lib/cube_f103/Drivers/STM32F1xx_HAL_Driver/Src/stm32f1xx_hal.o
                0x08000594                HAL_Delay
 .text.__NVIC_SetPriorityGrouping
                0x080005dc       0x48 ./src/lib/cube_f103/Drivers/STM32F1xx_HAL_Driver/Src/stm32f1xx_hal_cortex.o
 .text.__NVIC_GetPriorityGrouping
                0x08000624       0x1c ./src/lib/cube_f103/Drivers/STM32F1xx_HAL_Driver/Src/stm32f1xx_hal_cortex.o
 .text.__NVIC_SetPriority
                0x08000640       0x54 ./src/lib/cube_f103/Drivers/STM32F1xx_HAL_Driver/Src/stm32f1xx_hal_cortex.o
 .text.NVIC_EncodePriority
                0x08000694       0x64 ./src/lib/cube_f103/Drivers/STM32F1xx_HAL_Driver/Src/stm32f1xx_hal_cortex.o
 .text.SysTick_Config
                0x080006f8       0x44 ./src/lib/cube_f103/Drivers/STM32F1xx_HAL_Driver/Src/stm32f1xx_hal_cortex.o
 .text.HAL_NVIC_SetPriorityGrouping
                0x0800073c       0x16 ./src/lib/cube_f103/Drivers/STM32F1xx_HAL_Driver/Src/stm32f1xx_hal_cortex.o
                0x0800073c                HAL_NVIC_SetPriorityGrouping
 .text.HAL_NVIC_SetPriority
                0x08000752       0x38 ./src/lib/cube_f103/Drivers/STM32F1xx_HAL_Driver/Src/stm32f1xx_hal_cortex.o
                0x08000752                HAL_NVIC_SetPriority
 .text.HAL_SYSTICK_Config
                0x0800078a       0x18 ./src/lib/cube_f103/Drivers/STM32F1xx_HAL_Driver/Src/stm32f1xx_hal_cortex.o
                0x0800078a                HAL_SYSTICK_Config
 *fill*         0x080007a2        0x2 
 .text.HAL_GPIO_Init
                0x080007a4      0x308 ./src/lib/cube_f103/Drivers/STM32F1xx_HAL_Driver/Src/stm32f1xx_hal_gpio.o
                0x080007a4                HAL_GPIO_Init
 .text.HAL_GPIO_WritePin
                0x08000aac       0x30 ./src/lib/cube_f103/Drivers/STM32F1xx_HAL_Driver/Src/stm32f1xx_hal_gpio.o
                0x08000aac                HAL_GPIO_WritePin
 .text.HAL_GPIO_TogglePin
                0x08000adc       0x32 ./src/lib/cube_f103/Drivers/STM32F1xx_HAL_Driver/Src/stm32f1xx_hal_gpio.o
                0x08000adc                HAL_GPIO_TogglePin
 .text.HAL_PCD_IRQHandler
                0x08000b0e      0x2a6 ./src/lib/cube_f103/Drivers/STM32F1xx_HAL_Driver/Src/stm32f1xx_hal_pcd.o
                0x08000b0e                HAL_PCD_IRQHandler
 .text.HAL_PCD_SetAddress
                0x08000db4       0x4a ./src/lib/cube_f103/Drivers/STM32F1xx_HAL_Driver/Src/stm32f1xx_hal_pcd.o
                0x08000db4                HAL_PCD_SetAddress
 .text.HAL_PCD_EP_Open
                0x08000dfe       0xcc ./src/lib/cube_f103/Drivers/STM32F1xx_HAL_Driver/Src/stm32f1xx_hal_pcd.o
                0x08000dfe                HAL_PCD_EP_Open
 .text.HAL_PCD_EP_Receive
                0x08000eca       0x7a ./src/lib/cube_f103/Drivers/STM32F1xx_HAL_Driver/Src/stm32f1xx_hal_pcd.o
                0x08000eca                HAL_PCD_EP_Receive
 .text.HAL_PCD_EP_Transmit
                0x08000f44       0x86 ./src/lib/cube_f103/Drivers/STM32F1xx_HAL_Driver/Src/stm32f1xx_hal_pcd.o
                0x08000f44                HAL_PCD_EP_Transmit
 .text.HAL_PCD_EP_SetStall
                0x08000fca       0xc0 ./src/lib/cube_f103/Drivers/STM32F1xx_HAL_Driver/Src/stm32f1xx_hal_pcd.o
                0x08000fca                HAL_PCD_EP_SetStall
 .text.HAL_PCD_EP_ClrStall
                0x0800108a       0xa8 ./src/lib/cube_f103/Drivers/STM32F1xx_HAL_Driver/Src/stm32f1xx_hal_pcd.o
                0x0800108a                HAL_PCD_EP_ClrStall
 .text.PCD_EP_ISR_Handler
                0x08001132      0x5e4 ./src/lib/cube_f103/Drivers/STM32F1xx_HAL_Driver/Src/stm32f1xx_hal_pcd.o
 .text.HAL_PCD_EP_DB_Receive
                0x08001716      0x21a ./src/lib/cube_f103/Drivers/STM32F1xx_HAL_Driver/Src/stm32f1xx_hal_pcd.o
 .text.HAL_PCD_EP_DB_Transmit
                0x08001930      0x556 ./src/lib/cube_f103/Drivers/STM32F1xx_HAL_Driver/Src/stm32f1xx_hal_pcd.o
 *fill*         0x08001e86        0x2 
 .text.HAL_RCC_OscConfig
                0x08001e88      0x504 ./src/lib/cube_f103/Drivers/STM32F1xx_HAL_Driver/Src/stm32f1xx_hal_rcc.o
                0x08001e88                HAL_RCC_OscConfig
 .text.HAL_RCC_ClockConfig
                0x0800238c      0x1d4 ./src/lib/cube_f103/Drivers/STM32F1xx_HAL_Driver/Src/stm32f1xx_hal_rcc.o
                0x0800238c                HAL_RCC_ClockConfig
 .text.HAL_RCC_GetSysClockFreq
                0x08002560       0xbc ./src/lib/cube_f103/Drivers/STM32F1xx_HAL_Driver/Src/stm32f1xx_hal_rcc.o
                0x08002560                HAL_RCC_GetSysClockFreq
 .text.RCC_Delay
                0x0800261c       0x3c ./src/lib/cube_f103/Drivers/STM32F1xx_HAL_Driver/Src/stm32f1xx_hal_rcc.o
 .text.HAL_RCCEx_PeriphCLKConfig
                0x08002658      0x16c ./src/lib/cube_f103/Drivers/STM32F1xx_HAL_Driver/Src/stm32f1xx_hal_rcc_ex.o
                0x08002658                HAL_RCCEx_PeriphCLKConfig
 .text.USB_ActivateEndpoint
                0x080027c4      0x6d4 ./src/lib/cube_f103/Drivers/STM32F1xx_HAL_Driver/Src/stm32f1xx_ll_usb.o
                0x080027c4                USB_ActivateEndpoint
 .text.USB_EPStartXfer
                0x08002e98     0x174e ./src/lib/cube_f103/Drivers/STM32F1xx_HAL_Driver/Src/stm32f1xx_ll_usb.o
                0x08002e98                USB_EPStartXfer
 .text.USB_EPSetStall
                0x080045e6       0xa0 ./src/lib/cube_f103/Drivers/STM32F1xx_HAL_Driver/Src/stm32f1xx_ll_usb.o
                0x080045e6                USB_EPSetStall
 .text.USB_EPClearStall
                0x08004686      0x15a ./src/lib/cube_f103/Drivers/STM32F1xx_HAL_Driver/Src/stm32f1xx_ll_usb.o
                0x08004686                USB_EPClearStall
 .text.USB_SetDevAddress
                0x080047e0       0x26 ./src/lib/cube_f103/Drivers/STM32F1xx_HAL_Driver/Src/stm32f1xx_ll_usb.o
                0x080047e0                USB_SetDevAddress
 .text.USB_ReadInterrupts
                0x08004806       0x1e ./src/lib/cube_f103/Drivers/STM32F1xx_HAL_Driver/Src/stm32f1xx_ll_usb.o
                0x08004806                USB_ReadInterrupts
 .text.USB_EP0_OutStart
                0x08004824       0x16 ./src/lib/cube_f103/Drivers/STM32F1xx_HAL_Driver/Src/stm32f1xx_ll_usb.o
                0x08004824                USB_EP0_OutStart
 .text.USB_WritePMA
                0x0800483a       0x88 ./src/lib/cube_f103/Drivers/STM32F1xx_HAL_Driver/Src/stm32f1xx_ll_usb.o
                0x0800483a                USB_WritePMA
 .text.USB_ReadPMA
                0x080048c2       0x9e ./src/lib/cube_f103/Drivers/STM32F1xx_HAL_Driver/Src/stm32f1xx_ll_usb.o
                0x080048c2                USB_ReadPMA
 .text.USBD_RunTestMode
                0x08004960       0x14 ./src/lib/cube_f103/Middlewares/ST/STM32_USB_Device_Library/Core/Src/usbd_core.o
                0x08004960                USBD_RunTestMode
 .text.USBD_SetClassConfig
                0x08004974       0x3e ./src/lib/cube_f103/Middlewares/ST/STM32_USB_Device_Library/Core/Src/usbd_core.o
                0x08004974                USBD_SetClassConfig
 .text.USBD_ClrClassConfig
                0x080049b2       0x26 ./src/lib/cube_f103/Middlewares/ST/STM32_USB_Device_Library/Core/Src/usbd_core.o
                0x080049b2                USBD_ClrClassConfig
 .text.USBD_LL_SetupStage
                0x080049d8       0x9a ./src/lib/cube_f103/Middlewares/ST/STM32_USB_Device_Library/Core/Src/usbd_core.o
                0x080049d8                USBD_LL_SetupStage
 .text.USBD_LL_DataOutStage
                0x08004a72       0xe2 ./src/lib/cube_f103/Middlewares/ST/STM32_USB_Device_Library/Core/Src/usbd_core.o
                0x08004a72                USBD_LL_DataOutStage
 .text.USBD_LL_DataInStage
                0x08004b54      0x14a ./src/lib/cube_f103/Middlewares/ST/STM32_USB_Device_Library/Core/Src/usbd_core.o
                0x08004b54                USBD_LL_DataInStage
 .text.USBD_LL_Reset
                0x08004c9e       0x82 ./src/lib/cube_f103/Middlewares/ST/STM32_USB_Device_Library/Core/Src/usbd_core.o
                0x08004c9e                USBD_LL_Reset
 .text.USBD_LL_SetSpeed
                0x08004d20       0x1e ./src/lib/cube_f103/Middlewares/ST/STM32_USB_Device_Library/Core/Src/usbd_core.o
                0x08004d20                USBD_LL_SetSpeed
 .text.USBD_LL_Suspend
                0x08004d3e       0x28 ./src/lib/cube_f103/Middlewares/ST/STM32_USB_Device_Library/Core/Src/usbd_core.o
                0x08004d3e                USBD_LL_Suspend
 .text.USBD_LL_Resume
                0x08004d66       0x2a ./src/lib/cube_f103/Middlewares/ST/STM32_USB_Device_Library/Core/Src/usbd_core.o
                0x08004d66                USBD_LL_Resume
 .text.USBD_LL_SOF
                0x08004d90       0x34 ./src/lib/cube_f103/Middlewares/ST/STM32_USB_Device_Library/Core/Src/usbd_core.o
                0x08004d90                USBD_LL_SOF
 .text.USBD_StdDevReq
                0x08004dc4       0xd4 ./src/lib/cube_f103/Middlewares/ST/STM32_USB_Device_Library/Core/Src/usbd_ctlreq.o
                0x08004dc4                USBD_StdDevReq
 .text.USBD_StdItfReq
                0x08004e98       0x90 ./src/lib/cube_f103/Middlewares/ST/STM32_USB_Device_Library/Core/Src/usbd_ctlreq.o
                0x08004e98                USBD_StdItfReq
 .text.USBD_StdEPReq
                0x08004f28      0x2c6 ./src/lib/cube_f103/Middlewares/ST/STM32_USB_Device_Library/Core/Src/usbd_ctlreq.o
                0x08004f28                USBD_StdEPReq
 *fill*         0x080051ee        0x2 
 .text.USBD_GetDescriptor
                0x080051f0      0x2d0 ./src/lib/cube_f103/Middlewares/ST/STM32_USB_Device_Library/Core/Src/usbd_ctlreq.o
 .text.USBD_SetAddress
                0x080054c0       0x86 ./src/lib/cube_f103/Middlewares/ST/STM32_USB_Device_Library/Core/Src/usbd_ctlreq.o
 *fill*         0x08005546        0x2 
 .text.USBD_SetConfig
                0x08005548      0x11c ./src/lib/cube_f103/Middlewares/ST/STM32_USB_Device_Library/Core/Src/usbd_ctlreq.o
 .text.USBD_GetConfig
                0x08005664       0x6a ./src/lib/cube_f103/Middlewares/ST/STM32_USB_Device_Library/Core/Src/usbd_ctlreq.o
 .text.USBD_GetStatus
                0x080056ce       0x66 ./src/lib/cube_f103/Middlewares/ST/STM32_USB_Device_Library/Core/Src/usbd_ctlreq.o
 .text.USBD_SetFeature
                0x08005734       0x28 ./src/lib/cube_f103/Middlewares/ST/STM32_USB_Device_Library/Core/Src/usbd_ctlreq.o
 .text.USBD_ClrFeature
                0x0800575c       0x42 ./src/lib/cube_f103/Middlewares/ST/STM32_USB_Device_Library/Core/Src/usbd_ctlreq.o
 .text.USBD_ParseSetupRequest
                0x0800579e       0x72 ./src/lib/cube_f103/Middlewares/ST/STM32_USB_Device_Library/Core/Src/usbd_ctlreq.o
                0x0800579e                USBD_ParseSetupRequest
 .text.USBD_CtlError
                0x08005810       0x22 ./src/lib/cube_f103/Middlewares/ST/STM32_USB_Device_Library/Core/Src/usbd_ctlreq.o
                0x08005810                USBD_CtlError
 .text.USBD_CtlSendData
                0x08005832       0x38 ./src/lib/cube_f103/Middlewares/ST/STM32_USB_Device_Library/Core/Src/usbd_ioreq.o
                0x08005832                USBD_CtlSendData
 .text.USBD_CtlContinueSendData
                0x0800586a       0x24 ./src/lib/cube_f103/Middlewares/ST/STM32_USB_Device_Library/Core/Src/usbd_ioreq.o
                0x0800586a                USBD_CtlContinueSendData
 .text.USBD_CtlContinueRx
                0x0800588e       0x24 ./src/lib/cube_f103/Middlewares/ST/STM32_USB_Device_Library/Core/Src/usbd_ioreq.o
                0x0800588e                USBD_CtlContinueRx
 .text.USBD_CtlSendStatus
                0x080058b2       0x26 ./src/lib/cube_f103/Middlewares/ST/STM32_USB_Device_Library/Core/Src/usbd_ioreq.o
                0x080058b2                USBD_CtlSendStatus
 .text.USBD_CtlReceiveStatus
                0x080058d8       0x26 ./src/lib/cube_f103/Middlewares/ST/STM32_USB_Device_Library/Core/Src/usbd_ioreq.o
                0x080058d8                USBD_CtlReceiveStatus
 .text.HAL_PCD_SetupStageCallback
                0x080058fe       0x24 ./src/lib/cube_f103/USB_DEVICE/Target/usbd_conf.o
                0x080058fe                HAL_PCD_SetupStageCallback
 .text.HAL_PCD_DataOutStageCallback
                0x08005922       0x36 ./src/lib/cube_f103/USB_DEVICE/Target/usbd_conf.o
                0x08005922                HAL_PCD_DataOutStageCallback
 .text.HAL_PCD_DataInStageCallback
                0x08005958       0x34 ./src/lib/cube_f103/USB_DEVICE/Target/usbd_conf.o
                0x08005958                HAL_PCD_DataInStageCallback
 .text.HAL_PCD_SOFCallback
                0x0800598c       0x1c ./src/lib/cube_f103/USB_DEVICE/Target/usbd_conf.o
                0x0800598c                HAL_PCD_SOFCallback
 .text.HAL_PCD_ResetCallback
                0x080059a8       0x3c ./src/lib/cube_f103/USB_DEVICE/Target/usbd_conf.o
                0x080059a8                HAL_PCD_ResetCallback
 .text.HAL_PCD_SuspendCallback
                0x080059e4       0x34 ./src/lib/cube_f103/USB_DEVICE/Target/usbd_conf.o
                0x080059e4                HAL_PCD_SuspendCallback
 .text.HAL_PCD_ResumeCallback
                0x08005a18       0x1c ./src/lib/cube_f103/USB_DEVICE/Target/usbd_conf.o
                0x08005a18                HAL_PCD_ResumeCallback
 .text.USBD_LL_OpenEP
                0x08005a34       0x4c ./src/lib/cube_f103/USB_DEVICE/Target/usbd_conf.o
                0x08005a34                USBD_LL_OpenEP
 .text.USBD_LL_StallEP
                0x08005a80       0x3e ./src/lib/cube_f103/USB_DEVICE/Target/usbd_conf.o
                0x08005a80                USBD_LL_StallEP
 .text.USBD_LL_ClearStallEP
                0x08005abe       0x3e ./src/lib/cube_f103/USB_DEVICE/Target/usbd_conf.o
                0x08005abe                USBD_LL_ClearStallEP
 .text.USBD_LL_IsStallEP
                0x08005afc       0x58 ./src/lib/cube_f103/USB_DEVICE/Target/usbd_conf.o
                0x08005afc                USBD_LL_IsStallEP
 .text.USBD_LL_SetUSBAddress
                0x08005b54       0x3e ./src/lib/cube_f103/USB_DEVICE/Target/usbd_conf.o
                0x08005b54                USBD_LL_SetUSBAddress
 .text.USBD_LL_Transmit
                0x08005b92       0x46 ./src/lib/cube_f103/USB_DEVICE/Target/usbd_conf.o
                0x08005b92                USBD_LL_Transmit
 .text.USBD_LL_PrepareReceive
                0x08005bd8       0x46 ./src/lib/cube_f103/USB_DEVICE/Target/usbd_conf.o
                0x08005bd8                USBD_LL_PrepareReceive
 *fill*         0x08005c1e        0x2 
 .text.USBD_Get_USB_Status
                0x08005c20       0x58 ./src/lib/cube_f103/USB_DEVICE/Target/usbd_conf.o
 .text.main     0x08005c78       0x16 ./src/main.o
                0x08005c78                main
 .text.memset   0x08005c8e       0x10 C:/ST/STM32CubeIDE_1.18.0/STM32CubeIDE/plugins/com.st.stm32cube.ide.mcu.externaltools.gnu-tools-for-stm32.13.3.rel1.win32_1.0.0.202411081344/tools/bin/../lib/gcc/arm-none-eabi/13.3.1/../../../../arm-none-eabi/lib/thumb/v7-m/nofp\libc_nano.a(libc_a-memset.o)
                0x08005c8e                memset
 *fill*         0x08005c9e        0x2 
 .text.__libc_init_array
                0x08005ca0       0x48 C:/ST/STM32CubeIDE_1.18.0/STM32CubeIDE/plugins/com.st.stm32cube.ide.mcu.externaltools.gnu-tools-for-stm32.13.3.rel1.win32_1.0.0.202411081344/tools/bin/../lib/gcc/arm-none-eabi/13.3.1/../../../../arm-none-eabi/lib/thumb/v7-m/nofp\libc_nano.a(libc_a-init.o)
                0x08005ca0                __libc_init_array
 *(.glue_7)
 .glue_7        0x08005ce8        0x0 linker stubs
 *(.glue_7t)
 .glue_7t       0x08005ce8        0x0 linker stubs
 *(.eh_frame)
 .eh_frame      0x08005ce8        0x0 C:/ST/STM32CubeIDE_1.18.0/STM32CubeIDE/plugins/com.st.stm32cube.ide.mcu.externaltools.gnu-tools-for-stm32.13.3.rel1.win32_1.0.0.202411081344/tools/bin/../lib/gcc/arm-none-eabi/13.3.1/thumb/v7-m/nofp/crtbegin.o
 *(.init)
 .init          0x08005ce8        0x4 C:/ST/STM32CubeIDE_1.18.0/STM32CubeIDE/plugins/com.st.stm32cube.ide.mcu.externaltools.gnu-tools-for-stm32.13.3.rel1.win32_1.0.0.202411081344/tools/bin/../lib/gcc/arm-none-eabi/13.3.1/thumb/v7-m/nofp/crti.o
                0x08005ce8                _init
 .init          0x08005cec        0x8 C:/ST/STM32CubeIDE_1.18.0/STM32CubeIDE/plugins/com.st.stm32cube.ide.mcu.externaltools.gnu-tools-for-stm32.13.3.rel1.win32_1.0.0.202411081344/tools/bin/../lib/gcc/arm-none-eabi/13.3.1/thumb/v7-m/nofp/crtn.o
 *(.fini)
 .fini          0x08005cf4        0x4 C:/ST/STM32CubeIDE_1.18.0/STM32CubeIDE/plugins/com.st.stm32cube.ide.mcu.externaltools.gnu-tools-for-stm32.13.3.rel1.win32_1.0.0.202411081344/tools/bin/../lib/gcc/arm-none-eabi/13.3.1/thumb/v7-m/nofp/crti.o
                0x08005cf4                _fini
 .fini          0x08005cf8        0x8 C:/ST/STM32CubeIDE_1.18.0/STM32CubeIDE/plugins/com.st.stm32cube.ide.mcu.externaltools.gnu-tools-for-stm32.13.3.rel1.win32_1.0.0.202411081344/tools/bin/../lib/gcc/arm-none-eabi/13.3.1/thumb/v7-m/nofp/crtn.o
                0x08005d00                        . = ALIGN (0x4)
                0x08005d00                        _etext = .

.vfp11_veneer   0x08005d00        0x0
 .vfp11_veneer  0x08005d00        0x0 linker stubs

.v4_bx          0x08005d00        0x0
 .v4_bx         0x08005d00        0x0 linker stubs

.iplt           0x08005d00        0x0
 .iplt          0x08005d00        0x0 C:/ST/STM32CubeIDE_1.18.0/STM32CubeIDE/plugins/com.st.stm32cube.ide.mcu.externaltools.gnu-tools-for-stm32.13.3.rel1.win32_1.0.0.202411081344/tools/bin/../lib/gcc/arm-none-eabi/13.3.1/thumb/v7-m/nofp/crtbegin.o

.rodata         0x08005d00       0x20
                0x08005d00                        . = ALIGN (0x4)
 *(.rodata)
 .rodata        0x08005d00       0x10 ./src/lib/cube_f103/Drivers/STM32F1xx_HAL_Driver/Src/stm32f1xx_hal_rcc.o
 *(.rodata*)
 .rodata.AHBPrescTable
                0x08005d10       0x10 ./src/bsp/system_stm32f1xx.o
                0x08005d10                AHBPrescTable
                0x08005d20                        . = ALIGN (0x4)

.ARM.extab      0x08005d20        0x0
                0x08005d20                        . = ALIGN (0x4)
 *(.ARM.extab* .gnu.linkonce.armextab.*)
                0x08005d20                        . = ALIGN (0x4)

.ARM            0x08005d20        0x0
                0x08005d20                        . = ALIGN (0x4)
                0x08005d20                        __exidx_start = .
 *(.ARM.exidx*)
                0x08005d20                        __exidx_end = .
                0x08005d20                        . = ALIGN (0x4)

.preinit_array  0x08005d20        0x0
                0x08005d20                        . = ALIGN (0x4)
                0x08005d20                        PROVIDE (__preinit_array_start = .)
 *(.preinit_array*)
                0x08005d20                        PROVIDE (__preinit_array_end = .)
                0x08005d20                        . = ALIGN (0x4)

.init_array     0x08005d20        0x4
                0x08005d20                        . = ALIGN (0x4)
                0x08005d20                        PROVIDE (__init_array_start = .)
 *(SORT_BY_NAME(.init_array.*))
 *(.init_array*)
 .init_array    0x08005d20        0x4 C:/ST/STM32CubeIDE_1.18.0/STM32CubeIDE/plugins/com.st.stm32cube.ide.mcu.externaltools.gnu-tools-for-stm32.13.3.rel1.win32_1.0.0.202411081344/tools/bin/../lib/gcc/arm-none-eabi/13.3.1/thumb/v7-m/nofp/crtbegin.o
                0x08005d24                        PROVIDE (__init_array_end = .)
                0x08005d24                        . = ALIGN (0x4)

.fini_array     0x08005d24        0x4
                0x08005d24                        . = ALIGN (0x4)
                [!provide]                        PROVIDE (__fini_array_start = .)
 *(SORT_BY_NAME(.fini_array.*))
 *(.fini_array*)
 .fini_array    0x08005d24        0x4 C:/ST/STM32CubeIDE_1.18.0/STM32CubeIDE/plugins/com.st.stm32cube.ide.mcu.externaltools.gnu-tools-for-stm32.13.3.rel1.win32_1.0.0.202411081344/tools/bin/../lib/gcc/arm-none-eabi/13.3.1/thumb/v7-m/nofp/crtbegin.o
                [!provide]                        PROVIDE (__fini_array_end = .)
                0x08005d28                        . = ALIGN (0x4)
                0x08005d28                        _sidata = LOADADDR (.data)

.rel.dyn        0x08005d28        0x0
 .rel.iplt      0x08005d28        0x0 C:/ST/STM32CubeIDE_1.18.0/STM32CubeIDE/plugins/com.st.stm32cube.ide.mcu.externaltools.gnu-tools-for-stm32.13.3.rel1.win32_1.0.0.202411081344/tools/bin/../lib/gcc/arm-none-eabi/13.3.1/thumb/v7-m/nofp/crtbegin.o

.data           0x20000000       0x14 load address 0x08005d28
                0x20000000                        . = ALIGN (0x4)
                0x20000000                        _sdata = .
 *(.data)
 *(.data*)
 .data.SystemCoreClock
                0x20000000        0x4 ./src/bsp/system_stm32f1xx.o
                0x20000000                SystemCoreClock
 .data.led_table
                0x20000004        0x8 ./src/hw/driver/led.o
                0x20000004                led_table
 .data.uwTickPrio
                0x2000000c        0x4 ./src/lib/cube_f103/Drivers/STM32F1xx_HAL_Driver/Src/stm32f1xx_hal.o
                0x2000000c                uwTickPrio
 .data.uwTickFreq
                0x20000010        0x1 ./src/lib/cube_f103/Drivers/STM32F1xx_HAL_Driver/Src/stm32f1xx_hal.o
                0x20000010                uwTickFreq
 *(.RamFunc)
 *(.RamFunc*)
                0x20000014                        . = ALIGN (0x4)
 *fill*         0x20000011        0x3 
                0x20000014                        _edata = .

.igot.plt       0x20000014        0x0 load address 0x08005d3c
 .igot.plt      0x20000014        0x0 C:/ST/STM32CubeIDE_1.18.0/STM32CubeIDE/plugins/com.st.stm32cube.ide.mcu.externaltools.gnu-tools-for-stm32.13.3.rel1.win32_1.0.0.202411081344/tools/bin/../lib/gcc/arm-none-eabi/13.3.1/thumb/v7-m/nofp/crtbegin.o
                0x20000014                        . = ALIGN (0x4)

.bss            0x20000014      0x310 load address 0x08005d3c
                0x20000014                        _sbss = .
                0x20000014                        __bss_start__ = _sbss
 *(.bss)
 .bss           0x20000014       0x1c C:/ST/STM32CubeIDE_1.18.0/STM32CubeIDE/plugins/com.st.stm32cube.ide.mcu.externaltools.gnu-tools-for-stm32.13.3.rel1.win32_1.0.0.202411081344/tools/bin/../lib/gcc/arm-none-eabi/13.3.1/thumb/v7-m/nofp/crtbegin.o
 *(.bss*)
 .bss.uwTick    0x20000030        0x4 ./src/lib/cube_f103/Drivers/STM32F1xx_HAL_Driver/Src/stm32f1xx_hal.o
                0x20000030                uwTick
 .bss.cfgidx.0  0x20000034        0x1 ./src/lib/cube_f103/Middlewares/ST/STM32_USB_Device_Library/Core/Src/usbd_ctlreq.o
 *fill*         0x20000035        0x3 
 .bss.hpcd_USB_FS
                0x20000038      0x2ec ./src/lib/cube_f103/USB_DEVICE/Target/usbd_conf.o
                0x20000038                hpcd_USB_FS
 *(COMMON)
                0x20000324                        . = ALIGN (0x4)
                0x20000324                        _ebss = .
                0x20000324                        __bss_end__ = _ebss

._user_heap_stack
                0x20000324      0x604 load address 0x08005d3c
                0x20000328                        . = ALIGN (0x8)
 *fill*         0x20000324        0x4 
                [!provide]                        PROVIDE (end = .)
                0x20000328                        PROVIDE (_end = .)
                0x20000528                        . = (. + _Min_Heap_Size)
 *fill*         0x20000328      0x200 
                0x20000928                        . = (. + _Min_Stack_Size)
 *fill*         0x20000528      0x400 
                0x20000928                        . = ALIGN (0x8)

/DISCARD/
 libc.a(*)
 libm.a(*)
 libgcc.a(*)

.ARM.attributes
                0x00000000       0x29
 *(.ARM.attributes)
 .ARM.attributes
                0x00000000       0x1d C:/ST/STM32CubeIDE_1.18.0/STM32CubeIDE/plugins/com.st.stm32cube.ide.mcu.externaltools.gnu-tools-for-stm32.13.3.rel1.win32_1.0.0.202411081344/tools/bin/../lib/gcc/arm-none-eabi/13.3.1/thumb/v7-m/nofp/crti.o
 .ARM.attributes
                0x0000001d       0x2d C:/ST/STM32CubeIDE_1.18.0/STM32CubeIDE/plugins/com.st.stm32cube.ide.mcu.externaltools.gnu-tools-for-stm32.13.3.rel1.win32_1.0.0.202411081344/tools/bin/../lib/gcc/arm-none-eabi/13.3.1/thumb/v7-m/nofp/crtbegin.o
 .ARM.attributes
                0x0000004a       0x2d ./src/ap/ap.o
 .ARM.attributes
                0x00000077       0x2d ./src/bsp/bsp.o
 .ARM.attributes
                0x000000a4       0x2d ./src/bsp/stm32f1xx_hal_msp.o
 .ARM.attributes
                0x000000d1       0x2d ./src/bsp/stm32f1xx_it.o
 .ARM.attributes
                0x000000fe       0x2d ./src/bsp/system_stm32f1xx.o
 .ARM.attributes
                0x0000012b       0x21 ./src/bsp/startup/startup_stm32f103rbtx.o
 .ARM.attributes
                0x0000014c       0x2d ./src/hw/driver/led.o
 .ARM.attributes
                0x00000179       0x2d ./src/hw/hw.o
 .ARM.attributes
                0x000001a6       0x2d ./src/lib/cube_f103/Drivers/STM32F1xx_HAL_Driver/Src/stm32f1xx_hal.o
 .ARM.attributes
                0x000001d3       0x2d ./src/lib/cube_f103/Drivers/STM32F1xx_HAL_Driver/Src/stm32f1xx_hal_cortex.o
 .ARM.attributes
                0x00000200       0x2d ./src/lib/cube_f103/Drivers/STM32F1xx_HAL_Driver/Src/stm32f1xx_hal_gpio.o
 .ARM.attributes
                0x0000022d       0x2d ./src/lib/cube_f103/Drivers/STM32F1xx_HAL_Driver/Src/stm32f1xx_hal_pcd.o
 .ARM.attributes
                0x0000025a       0x2d ./src/lib/cube_f103/Drivers/STM32F1xx_HAL_Driver/Src/stm32f1xx_hal_rcc.o
 .ARM.attributes
                0x00000287       0x2d ./src/lib/cube_f103/Drivers/STM32F1xx_HAL_Driver/Src/stm32f1xx_hal_rcc_ex.o
 .ARM.attributes
                0x000002b4       0x2d ./src/lib/cube_f103/Drivers/STM32F1xx_HAL_Driver/Src/stm32f1xx_ll_usb.o
 .ARM.attributes
                0x000002e1       0x2d ./src/lib/cube_f103/Middlewares/ST/STM32_USB_Device_Library/Core/Src/usbd_core.o
 .ARM.attributes
                0x0000030e       0x2d ./src/lib/cube_f103/Middlewares/ST/STM32_USB_Device_Library/Core/Src/usbd_ctlreq.o
 .ARM.attributes
                0x0000033b       0x2d ./src/lib/cube_f103/Middlewares/ST/STM32_USB_Device_Library/Core/Src/usbd_ioreq.o
 .ARM.attributes
                0x00000368       0x2d ./src/lib/cube_f103/USB_DEVICE/Target/usbd_conf.o
 .ARM.attributes
                0x00000395       0x2d ./src/main.o
 .ARM.attributes
                0x000003c2       0x2d C:/ST/STM32CubeIDE_1.18.0/STM32CubeIDE/plugins/com.st.stm32cube.ide.mcu.externaltools.gnu-tools-for-stm32.13.3.rel1.win32_1.0.0.202411081344/tools/bin/../lib/gcc/arm-none-eabi/13.3.1/../../../../arm-none-eabi/lib/thumb/v7-m/nofp\libc_nano.a(libc_a-memset.o)
 .ARM.attributes
                0x000003ef       0x2d C:/ST/STM32CubeIDE_1.18.0/STM32CubeIDE/plugins/com.st.stm32cube.ide.mcu.externaltools.gnu-tools-for-stm32.13.3.rel1.win32_1.0.0.202411081344/tools/bin/../lib/gcc/arm-none-eabi/13.3.1/../../../../arm-none-eabi/lib/thumb/v7-m/nofp\libc_nano.a(libc_a-init.o)
 .ARM.attributes
                0x0000041c       0x1d C:/ST/STM32CubeIDE_1.18.0/STM32CubeIDE/plugins/com.st.stm32cube.ide.mcu.externaltools.gnu-tools-for-stm32.13.3.rel1.win32_1.0.0.202411081344/tools/bin/../lib/gcc/arm-none-eabi/13.3.1/thumb/v7-m/nofp/crtn.o
OUTPUT(stm32f103_fw.elf elf32-littlearm)
LOAD linker stubs
LOAD C:/ST/STM32CubeIDE_1.18.0/STM32CubeIDE/plugins/com.st.stm32cube.ide.mcu.externaltools.gnu-tools-for-stm32.13.3.rel1.win32_1.0.0.202411081344/tools/bin/../lib/gcc/arm-none-eabi/13.3.1/../../../../arm-none-eabi/lib/thumb/v7-m/nofp\libc.a
LOAD C:/ST/STM32CubeIDE_1.18.0/STM32CubeIDE/plugins/com.st.stm32cube.ide.mcu.externaltools.gnu-tools-for-stm32.13.3.rel1.win32_1.0.0.202411081344/tools/bin/../lib/gcc/arm-none-eabi/13.3.1/../../../../arm-none-eabi/lib/thumb/v7-m/nofp\libm.a
LOAD C:/ST/STM32CubeIDE_1.18.0/STM32CubeIDE/plugins/com.st.stm32cube.ide.mcu.externaltools.gnu-tools-for-stm32.13.3.rel1.win32_1.0.0.202411081344/tools/bin/../lib/gcc/arm-none-eabi/13.3.1/thumb/v7-m/nofp\libgcc.a

.debug_info     0x00000000     0x950c
 .debug_info    0x00000000       0xf5 ./src/ap/ap.o
 .debug_info    0x000000f5      0x433 ./src/bsp/bsp.o
 .debug_info    0x00000528      0x1f8 ./src/bsp/stm32f1xx_hal_msp.o
 .debug_info    0x00000720      0x639 ./src/bsp/stm32f1xx_it.o
 .debug_info    0x00000d59      0x21b ./src/bsp/system_stm32f1xx.o
 .debug_info    0x00000f74       0x30 ./src/bsp/startup/startup_stm32f103rbtx.o
 .debug_info    0x00000fa4      0x3c1 ./src/hw/driver/led.o
 .debug_info    0x00001365       0xac ./src/hw/hw.o
 .debug_info    0x00001411      0x704 ./src/lib/cube_f103/Drivers/STM32F1xx_HAL_Driver/Src/stm32f1xx_hal.o
 .debug_info    0x00001b15      0xa87 ./src/lib/cube_f103/Drivers/STM32F1xx_HAL_Driver/Src/stm32f1xx_hal_cortex.o
 .debug_info    0x0000259c      0x5ab ./src/lib/cube_f103/Drivers/STM32F1xx_HAL_Driver/Src/stm32f1xx_hal_gpio.o
 .debug_info    0x00002b47     0x13d8 ./src/lib/cube_f103/Drivers/STM32F1xx_HAL_Driver/Src/stm32f1xx_hal_pcd.o
 .debug_info    0x00003f1f      0x7e9 ./src/lib/cube_f103/Drivers/STM32F1xx_HAL_Driver/Src/stm32f1xx_hal_rcc.o
 .debug_info    0x00004708      0x3b0 ./src/lib/cube_f103/Drivers/STM32F1xx_HAL_Driver/Src/stm32f1xx_hal_rcc_ex.o
 .debug_info    0x00004ab8     0x1744 ./src/lib/cube_f103/Drivers/STM32F1xx_HAL_Driver/Src/stm32f1xx_ll_usb.o
 .debug_info    0x000061fc      0xa52 ./src/lib/cube_f103/Middlewares/ST/STM32_USB_Device_Library/Core/Src/usbd_core.o
 .debug_info    0x00006c4e      0x91c ./src/lib/cube_f103/Middlewares/ST/STM32_USB_Device_Library/Core/Src/usbd_ctlreq.o
 .debug_info    0x0000756a      0x6a0 ./src/lib/cube_f103/Middlewares/ST/STM32_USB_Device_Library/Core/Src/usbd_ioreq.o
 .debug_info    0x00007c0a     0x1858 ./src/lib/cube_f103/USB_DEVICE/Target/usbd_conf.o
 .debug_info    0x00009462       0xaa ./src/main.o

.debug_abbrev   0x00000000     0x2186
 .debug_abbrev  0x00000000       0x8a ./src/ap/ap.o
 .debug_abbrev  0x0000008a      0x1c2 ./src/bsp/bsp.o
 .debug_abbrev  0x0000024c       0xdb ./src/bsp/stm32f1xx_hal_msp.o
 .debug_abbrev  0x00000327      0x191 ./src/bsp/stm32f1xx_it.o
 .debug_abbrev  0x000004b8      0x13f ./src/bsp/system_stm32f1xx.o
 .debug_abbrev  0x000005f7       0x24 ./src/bsp/startup/startup_stm32f103rbtx.o
 .debug_abbrev  0x0000061b      0x1a8 ./src/hw/driver/led.o
 .debug_abbrev  0x000007c3       0x6d ./src/hw/hw.o
 .debug_abbrev  0x00000830      0x201 ./src/lib/cube_f103/Drivers/STM32F1xx_HAL_Driver/Src/stm32f1xx_hal.o
 .debug_abbrev  0x00000a31      0x2f8 ./src/lib/cube_f103/Drivers/STM32F1xx_HAL_Driver/Src/stm32f1xx_hal_cortex.o
 .debug_abbrev  0x00000d29      0x1ca ./src/lib/cube_f103/Drivers/STM32F1xx_HAL_Driver/Src/stm32f1xx_hal_gpio.o
 .debug_abbrev  0x00000ef3      0x2cc ./src/lib/cube_f103/Drivers/STM32F1xx_HAL_Driver/Src/stm32f1xx_hal_pcd.o
 .debug_abbrev  0x000011bf      0x2b1 ./src/lib/cube_f103/Drivers/STM32F1xx_HAL_Driver/Src/stm32f1xx_hal_rcc.o
 .debug_abbrev  0x00001470      0x188 ./src/lib/cube_f103/Drivers/STM32F1xx_HAL_Driver/Src/stm32f1xx_hal_rcc_ex.o
 .debug_abbrev  0x000015f8      0x1d6 ./src/lib/cube_f103/Drivers/STM32F1xx_HAL_Driver/Src/stm32f1xx_ll_usb.o
 .debug_abbrev  0x000017ce      0x24a ./src/lib/cube_f103/Middlewares/ST/STM32_USB_Device_Library/Core/Src/usbd_core.o
 .debug_abbrev  0x00001a18      0x26b ./src/lib/cube_f103/Middlewares/ST/STM32_USB_Device_Library/Core/Src/usbd_ctlreq.o
 .debug_abbrev  0x00001c83      0x192 ./src/lib/cube_f103/Middlewares/ST/STM32_USB_Device_Library/Core/Src/usbd_ioreq.o
 .debug_abbrev  0x00001e15      0x316 ./src/lib/cube_f103/USB_DEVICE/Target/usbd_conf.o
 .debug_abbrev  0x0000212b       0x5b ./src/main.o

.debug_aranges  0x00000000      0x980
 .debug_aranges
                0x00000000       0x28 ./src/ap/ap.o
 .debug_aranges
                0x00000028       0x40 ./src/bsp/bsp.o
 .debug_aranges
                0x00000068       0x20 ./src/bsp/stm32f1xx_hal_msp.o
 .debug_aranges
                0x00000088       0x68 ./src/bsp/stm32f1xx_it.o
 .debug_aranges
                0x000000f0       0x28 ./src/bsp/system_stm32f1xx.o
 .debug_aranges
                0x00000118       0x28 ./src/bsp/startup/startup_stm32f103rbtx.o
 .debug_aranges
                0x00000140       0x38 ./src/hw/driver/led.o
 .debug_aranges
                0x00000178       0x20 ./src/hw/hw.o
 .debug_aranges
                0x00000198       0xe0 ./src/lib/cube_f103/Drivers/STM32F1xx_HAL_Driver/Src/stm32f1xx_hal.o
 .debug_aranges
                0x00000278      0x100 ./src/lib/cube_f103/Drivers/STM32F1xx_HAL_Driver/Src/stm32f1xx_hal_cortex.o
 .debug_aranges
                0x00000378       0x58 ./src/lib/cube_f103/Drivers/STM32F1xx_HAL_Driver/Src/stm32f1xx_hal_gpio.o
 .debug_aranges
                0x000003d0      0x138 ./src/lib/cube_f103/Drivers/STM32F1xx_HAL_Driver/Src/stm32f1xx_hal_pcd.o
 .debug_aranges
                0x00000508       0x90 ./src/lib/cube_f103/Drivers/STM32F1xx_HAL_Driver/Src/stm32f1xx_hal_rcc.o
 .debug_aranges
                0x00000598       0x30 ./src/lib/cube_f103/Drivers/STM32F1xx_HAL_Driver/Src/stm32f1xx_hal_rcc_ex.o
 .debug_aranges
                0x000005c8       0xf0 ./src/lib/cube_f103/Drivers/STM32F1xx_HAL_Driver/Src/stm32f1xx_ll_usb.o
 .debug_aranges
                0x000006b8       0xb8 ./src/lib/cube_f103/Middlewares/ST/STM32_USB_Device_Library/Core/Src/usbd_core.o
 .debug_aranges
                0x00000770       0x88 ./src/lib/cube_f103/Middlewares/ST/STM32_USB_Device_Library/Core/Src/usbd_ctlreq.o
 .debug_aranges
                0x000007f8       0x50 ./src/lib/cube_f103/Middlewares/ST/STM32_USB_Device_Library/Core/Src/usbd_ioreq.o
 .debug_aranges
                0x00000848      0x118 ./src/lib/cube_f103/USB_DEVICE/Target/usbd_conf.o
 .debug_aranges
                0x00000960       0x20 ./src/main.o

.debug_rnglists
                0x00000000      0x6e5
 .debug_rnglists
                0x00000000       0x19 ./src/ap/ap.o
 .debug_rnglists
                0x00000019       0x2c ./src/bsp/bsp.o
 .debug_rnglists
                0x00000045       0x13 ./src/bsp/stm32f1xx_hal_msp.o
 .debug_rnglists
                0x00000058       0x49 ./src/bsp/stm32f1xx_it.o
 .debug_rnglists
                0x000000a1       0x1a ./src/bsp/system_stm32f1xx.o
 .debug_rnglists
                0x000000bb       0x19 ./src/bsp/startup/startup_stm32f103rbtx.o
 .debug_rnglists
                0x000000d4       0x26 ./src/hw/driver/led.o
 .debug_rnglists
                0x000000fa       0x13 ./src/hw/hw.o
 .debug_rnglists
                0x0000010d       0xa3 ./src/lib/cube_f103/Drivers/STM32F1xx_HAL_Driver/Src/stm32f1xx_hal.o
 .debug_rnglists
                0x000001b0       0xbb ./src/lib/cube_f103/Drivers/STM32F1xx_HAL_Driver/Src/stm32f1xx_hal_cortex.o
 .debug_rnglists
                0x0000026b       0x3f ./src/lib/cube_f103/Drivers/STM32F1xx_HAL_Driver/Src/stm32f1xx_hal_gpio.o
 .debug_rnglists
                0x000002aa       0xef ./src/lib/cube_f103/Drivers/STM32F1xx_HAL_Driver/Src/stm32f1xx_hal_pcd.o
 .debug_rnglists
                0x00000399       0x6c ./src/lib/cube_f103/Drivers/STM32F1xx_HAL_Driver/Src/stm32f1xx_hal_rcc.o
 .debug_rnglists
                0x00000405       0x21 ./src/lib/cube_f103/Drivers/STM32F1xx_HAL_Driver/Src/stm32f1xx_hal_rcc_ex.o
 .debug_rnglists
                0x00000426       0xb6 ./src/lib/cube_f103/Drivers/STM32F1xx_HAL_Driver/Src/stm32f1xx_ll_usb.o
 .debug_rnglists
                0x000004dc       0x89 ./src/lib/cube_f103/Middlewares/ST/STM32_USB_Device_Library/Core/Src/usbd_core.o
 .debug_rnglists
                0x00000565       0x68 ./src/lib/cube_f103/Middlewares/ST/STM32_USB_Device_Library/Core/Src/usbd_ctlreq.o
 .debug_rnglists
                0x000005cd       0x37 ./src/lib/cube_f103/Middlewares/ST/STM32_USB_Device_Library/Core/Src/usbd_ioreq.o
 .debug_rnglists
                0x00000604       0xce ./src/lib/cube_f103/USB_DEVICE/Target/usbd_conf.o
 .debug_rnglists
                0x000006d2       0x13 ./src/main.o

.debug_macro    0x00000000    0x17eda
 .debug_macro   0x00000000      0x2c9 ./src/ap/ap.o
 .debug_macro   0x000002c9       0x22 ./src/ap/ap.o
 .debug_macro   0x000002eb       0x5b ./src/ap/ap.o
 .debug_macro   0x00000346       0x24 ./src/ap/ap.o
 .debug_macro   0x0000036a       0x94 ./src/ap/ap.o
 .debug_macro   0x000003fe       0x43 ./src/ap/ap.o
 .debug_macro   0x00000441       0x34 ./src/ap/ap.o
 .debug_macro   0x00000475       0x16 ./src/ap/ap.o
 .debug_macro   0x0000048b       0x57 ./src/ap/ap.o
 .debug_macro   0x000004e2       0x9e ./src/ap/ap.o
 .debug_macro   0x00000580      0x370 ./src/ap/ap.o
 .debug_macro   0x000008f0      0x112 ./src/ap/ap.o
 .debug_macro   0x00000a02       0x10 ./src/ap/ap.o
 .debug_macro   0x00000a12       0x16 ./src/ap/ap.o
 .debug_macro   0x00000a28       0x4a ./src/ap/ap.o
 .debug_macro   0x00000a72       0x34 ./src/ap/ap.o
 .debug_macro   0x00000aa6       0x10 ./src/ap/ap.o
 .debug_macro   0x00000ab6       0x58 ./src/ap/ap.o
 .debug_macro   0x00000b0e       0x8e ./src/ap/ap.o
 .debug_macro   0x00000b9c       0x1c ./src/ap/ap.o
 .debug_macro   0x00000bb8      0x185 ./src/ap/ap.o
 .debug_macro   0x00000d3d       0x16 ./src/ap/ap.o
 .debug_macro   0x00000d53       0x16 ./src/ap/ap.o
 .debug_macro   0x00000d69      0x146 ./src/ap/ap.o
 .debug_macro   0x00000eaf      0x103 ./src/ap/ap.o
 .debug_macro   0x00000fb2       0x6a ./src/ap/ap.o
 .debug_macro   0x0000101c      0x1df ./src/ap/ap.o
 .debug_macro   0x000011fb       0x22 ./src/ap/ap.o
 .debug_macro   0x0000121d      0x215 ./src/ap/ap.o
 .debug_macro   0x00001432       0x2e ./src/ap/ap.o
 .debug_macro   0x00001460       0x22 ./src/ap/ap.o
 .debug_macro   0x00001482       0x1c ./src/ap/ap.o
 .debug_macro   0x0000149e       0x22 ./src/ap/ap.o
 .debug_macro   0x000014c0       0xbd ./src/ap/ap.o
 .debug_macro   0x0000157d      0xd23 ./src/ap/ap.o
 .debug_macro   0x000022a0     0xe097 ./src/ap/ap.o
 .debug_macro   0x00010337       0x43 ./src/ap/ap.o
 .debug_macro   0x0001037a     0x3468 ./src/ap/ap.o
 .debug_macro   0x000137e2       0x56 ./src/ap/ap.o
 .debug_macro   0x00013838      0x5be ./src/ap/ap.o
 .debug_macro   0x00013df6      0x289 ./src/ap/ap.o
 .debug_macro   0x0001407f      0x1cb ./src/ap/ap.o
 .debug_macro   0x0001424a      0x114 ./src/ap/ap.o
 .debug_macro   0x0001435e      0x1b2 ./src/ap/ap.o
 .debug_macro   0x00014510       0x27 ./src/ap/ap.o
 .debug_macro   0x00014537      0x136 ./src/ap/ap.o
 .debug_macro   0x0001466d      0x1bc ./src/ap/ap.o
 .debug_macro   0x00014829       0x34 ./src/ap/ap.o
 .debug_macro   0x0001485d       0x3c ./src/ap/ap.o
 .debug_macro   0x00014899       0x57 ./src/ap/ap.o
 .debug_macro   0x000148f0       0x88 ./src/ap/ap.o
 .debug_macro   0x00014978      0x241 ./src/ap/ap.o
 .debug_macro   0x00014bb9      0x141 ./src/ap/ap.o
 .debug_macro   0x00014cfa       0x65 ./src/ap/ap.o
 .debug_macro   0x00014d5f      0x249 ./src/ap/ap.o
 .debug_macro   0x00014fa8       0x83 ./src/ap/ap.o
 .debug_macro   0x0001502b       0x28 ./src/ap/ap.o
 .debug_macro   0x00015053      0x292 ./src/bsp/bsp.o
 .debug_macro   0x000152e5      0x2d3 ./src/bsp/stm32f1xx_hal_msp.o
 .debug_macro   0x000155b8      0x2dd ./src/bsp/stm32f1xx_it.o
 .debug_macro   0x00015895       0xc8 ./src/bsp/system_stm32f1xx.o
 .debug_macro   0x0001595d       0x8e ./src/bsp/system_stm32f1xx.o
 .debug_macro   0x000159eb       0x51 ./src/bsp/system_stm32f1xx.o
 .debug_macro   0x00015a3c      0x2b1 ./src/hw/driver/led.o
 .debug_macro   0x00015ced      0x2bf ./src/hw/hw.o
 .debug_macro   0x00015fac      0x1c7 ./src/lib/cube_f103/Drivers/STM32F1xx_HAL_Driver/Src/stm32f1xx_hal.o
 .debug_macro   0x00016173       0x5c ./src/lib/cube_f103/Drivers/STM32F1xx_HAL_Driver/Src/stm32f1xx_hal.o
 .debug_macro   0x000161cf      0x1a3 ./src/lib/cube_f103/Drivers/STM32F1xx_HAL_Driver/Src/stm32f1xx_hal_cortex.o
 .debug_macro   0x00016372      0x20e ./src/lib/cube_f103/Drivers/STM32F1xx_HAL_Driver/Src/stm32f1xx_hal_gpio.o
 .debug_macro   0x00016580      0x1af ./src/lib/cube_f103/Drivers/STM32F1xx_HAL_Driver/Src/stm32f1xx_hal_pcd.o
 .debug_macro   0x0001672f      0x1b5 ./src/lib/cube_f103/Drivers/STM32F1xx_HAL_Driver/Src/stm32f1xx_hal_rcc.o
 .debug_macro   0x000168e4      0x1a3 ./src/lib/cube_f103/Drivers/STM32F1xx_HAL_Driver/Src/stm32f1xx_hal_rcc_ex.o
 .debug_macro   0x00016a87      0x1a3 ./src/lib/cube_f103/Drivers/STM32F1xx_HAL_Driver/Src/stm32f1xx_ll_usb.o
 .debug_macro   0x00016c2a      0x377 ./src/lib/cube_f103/Middlewares/ST/STM32_USB_Device_Library/Core/Src/usbd_core.o
 .debug_macro   0x00016fa1      0x1ce ./src/lib/cube_f103/Middlewares/ST/STM32_USB_Device_Library/Core/Src/usbd_core.o
 .debug_macro   0x0001716f      0x381 ./src/lib/cube_f103/Middlewares/ST/STM32_USB_Device_Library/Core/Src/usbd_ctlreq.o
 .debug_macro   0x000174f0      0x37d ./src/lib/cube_f103/Middlewares/ST/STM32_USB_Device_Library/Core/Src/usbd_ioreq.o
 .debug_macro   0x0001786d      0x39a ./src/lib/cube_f103/USB_DEVICE/Target/usbd_conf.o
 .debug_macro   0x00017c07      0x2d3 ./src/main.o

.debug_line     0x00000000     0xf10e
 .debug_line    0x00000000      0xa28 ./src/ap/ap.o
 .debug_line    0x00000a28      0xa41 ./src/bsp/bsp.o
 .debug_line    0x00001469      0xa8a ./src/bsp/stm32f1xx_hal_msp.o
 .debug_line    0x00001ef3      0xb50 ./src/bsp/stm32f1xx_it.o
 .debug_line    0x00002a43      0x5cd ./src/bsp/system_stm32f1xx.o
 .debug_line    0x00003010       0x76 ./src/bsp/startup/startup_stm32f103rbtx.o
 .debug_line    0x00003086      0xa95 ./src/hw/driver/led.o
 .debug_line    0x00003b1b      0xa18 ./src/hw/hw.o
 .debug_line    0x00004533      0xabc ./src/lib/cube_f103/Drivers/STM32F1xx_HAL_Driver/Src/stm32f1xx_hal.o
 .debug_line    0x00004fef      0xc86 ./src/lib/cube_f103/Drivers/STM32F1xx_HAL_Driver/Src/stm32f1xx_hal_cortex.o
 .debug_line    0x00005c75      0xb17 ./src/lib/cube_f103/Drivers/STM32F1xx_HAL_Driver/Src/stm32f1xx_hal_gpio.o
 .debug_line    0x0000678c     0x13cc ./src/lib/cube_f103/Drivers/STM32F1xx_HAL_Driver/Src/stm32f1xx_hal_pcd.o
 .debug_line    0x00007b58      0xf77 ./src/lib/cube_f103/Drivers/STM32F1xx_HAL_Driver/Src/stm32f1xx_hal_rcc.o
 .debug_line    0x00008acf      0xa2b ./src/lib/cube_f103/Drivers/STM32F1xx_HAL_Driver/Src/stm32f1xx_hal_rcc_ex.o
 .debug_line    0x000094fa     0x11ba ./src/lib/cube_f103/Drivers/STM32F1xx_HAL_Driver/Src/stm32f1xx_ll_usb.o
 .debug_line    0x0000a6b4     0x1017 ./src/lib/cube_f103/Middlewares/ST/STM32_USB_Device_Library/Core/Src/usbd_core.o
 .debug_line    0x0000b6cb     0x1261 ./src/lib/cube_f103/Middlewares/ST/STM32_USB_Device_Library/Core/Src/usbd_ctlreq.o
 .debug_line    0x0000c92c      0xccd ./src/lib/cube_f103/Middlewares/ST/STM32_USB_Device_Library/Core/Src/usbd_ioreq.o
 .debug_line    0x0000d5f9     0x10c5 ./src/lib/cube_f103/USB_DEVICE/Target/usbd_conf.o
 .debug_line    0x0000e6be      0xa50 ./src/main.o

.debug_str      0x00000000    0x83a9d
 .debug_str     0x00000000    0x83a9d ./src/ap/ap.o
                              0x80913 (size before relaxing)
 .debug_str     0x00083a9d    0x80ad3 ./src/bsp/bsp.o
 .debug_str     0x00083a9d    0x8097d ./src/bsp/stm32f1xx_hal_msp.o
 .debug_str     0x00083a9d    0x80d51 ./src/bsp/stm32f1xx_it.o
 .debug_str     0x00083a9d    0x542fa ./src/bsp/system_stm32f1xx.o
 .debug_str     0x00083a9d       0x75 ./src/bsp/startup/startup_stm32f103rbtx.o
 .debug_str     0x00083a9d    0x80a34 ./src/hw/driver/led.o
 .debug_str     0x00083a9d    0x808de ./src/hw/hw.o
 .debug_str     0x00083a9d    0x7d846 ./src/lib/cube_f103/Drivers/STM32F1xx_HAL_Driver/Src/stm32f1xx_hal.o
 .debug_str     0x00083a9d    0x7d792 ./src/lib/cube_f103/Drivers/STM32F1xx_HAL_Driver/Src/stm32f1xx_hal_cortex.o
 .debug_str     0x00083a9d    0x7d499 ./src/lib/cube_f103/Drivers/STM32F1xx_HAL_Driver/Src/stm32f1xx_hal_gpio.o
 .debug_str     0x00083a9d    0x7d9eb ./src/lib/cube_f103/Drivers/STM32F1xx_HAL_Driver/Src/stm32f1xx_hal_pcd.o
 .debug_str     0x00083a9d    0x7d542 ./src/lib/cube_f103/Drivers/STM32F1xx_HAL_Driver/Src/stm32f1xx_hal_rcc.o
 .debug_str     0x00083a9d    0x7d292 ./src/lib/cube_f103/Drivers/STM32F1xx_HAL_Driver/Src/stm32f1xx_hal_rcc_ex.o
 .debug_str     0x00083a9d    0x7d5ba ./src/lib/cube_f103/Drivers/STM32F1xx_HAL_Driver/Src/stm32f1xx_ll_usb.o
 .debug_str     0x00083a9d    0x81acd ./src/lib/cube_f103/Middlewares/ST/STM32_USB_Device_Library/Core/Src/usbd_core.o
 .debug_str     0x00083a9d    0x819e7 ./src/lib/cube_f103/Middlewares/ST/STM32_USB_Device_Library/Core/Src/usbd_ctlreq.o
 .debug_str     0x00083a9d    0x81914 ./src/lib/cube_f103/Middlewares/ST/STM32_USB_Device_Library/Core/Src/usbd_ioreq.o
 .debug_str     0x00083a9d    0x8271f ./src/lib/cube_f103/USB_DEVICE/Target/usbd_conf.o
 .debug_str     0x00083a9d    0x808f5 ./src/main.o

.comment        0x00000000       0x43
 .comment       0x00000000       0x43 ./src/ap/ap.o
                                 0x44 (size before relaxing)
 .comment       0x00000043       0x44 ./src/bsp/bsp.o
 .comment       0x00000043       0x44 ./src/bsp/stm32f1xx_hal_msp.o
 .comment       0x00000043       0x44 ./src/bsp/stm32f1xx_it.o
 .comment       0x00000043       0x44 ./src/bsp/system_stm32f1xx.o
 .comment       0x00000043       0x44 ./src/hw/driver/led.o
 .comment       0x00000043       0x44 ./src/hw/hw.o
 .comment       0x00000043       0x44 ./src/lib/cube_f103/Drivers/STM32F1xx_HAL_Driver/Src/stm32f1xx_hal.o
 .comment       0x00000043       0x44 ./src/lib/cube_f103/Drivers/STM32F1xx_HAL_Driver/Src/stm32f1xx_hal_cortex.o
 .comment       0x00000043       0x44 ./src/lib/cube_f103/Drivers/STM32F1xx_HAL_Driver/Src/stm32f1xx_hal_gpio.o
 .comment       0x00000043       0x44 ./src/lib/cube_f103/Drivers/STM32F1xx_HAL_Driver/Src/stm32f1xx_hal_pcd.o
 .comment       0x00000043       0x44 ./src/lib/cube_f103/Drivers/STM32F1xx_HAL_Driver/Src/stm32f1xx_hal_rcc.o
 .comment       0x00000043       0x44 ./src/lib/cube_f103/Drivers/STM32F1xx_HAL_Driver/Src/stm32f1xx_hal_rcc_ex.o
 .comment       0x00000043       0x44 ./src/lib/cube_f103/Drivers/STM32F1xx_HAL_Driver/Src/stm32f1xx_ll_usb.o
 .comment       0x00000043       0x44 ./src/lib/cube_f103/Middlewares/ST/STM32_USB_Device_Library/Core/Src/usbd_core.o
 .comment       0x00000043       0x44 ./src/lib/cube_f103/Middlewares/ST/STM32_USB_Device_Library/Core/Src/usbd_ctlreq.o
 .comment       0x00000043       0x44 ./src/lib/cube_f103/Middlewares/ST/STM32_USB_Device_Library/Core/Src/usbd_ioreq.o
 .comment       0x00000043       0x44 ./src/lib/cube_f103/USB_DEVICE/Target/usbd_conf.o
 .comment       0x00000043       0x44 ./src/main.o

.debug_frame    0x00000000     0x23c8
 .debug_frame   0x00000000       0x4c ./src/ap/ap.o
 .debug_frame   0x0000004c       0xb0 ./src/bsp/bsp.o
 .debug_frame   0x000000fc       0x38 ./src/bsp/stm32f1xx_hal_msp.o
 .debug_frame   0x00000134      0x120 ./src/bsp/stm32f1xx_it.o
 .debug_frame   0x00000254       0x58 ./src/bsp/system_stm32f1xx.o
 .debug_frame   0x000002ac       0xa0 ./src/hw/driver/led.o
 .debug_frame   0x0000034c       0x2c ./src/hw/hw.o
 .debug_frame   0x00000378      0x334 ./src/lib/cube_f103/Drivers/STM32F1xx_HAL_Driver/Src/stm32f1xx_hal.o
 .debug_frame   0x000006ac      0x428 ./src/lib/cube_f103/Drivers/STM32F1xx_HAL_Driver/Src/stm32f1xx_hal_cortex.o
 .debug_frame   0x00000ad4      0x14c ./src/lib/cube_f103/Drivers/STM32F1xx_HAL_Driver/Src/stm32f1xx_hal_gpio.o
 .debug_frame   0x00000c20      0x578 ./src/lib/cube_f103/Drivers/STM32F1xx_HAL_Driver/Src/stm32f1xx_hal_pcd.o
 .debug_frame   0x00001198      0x21c ./src/lib/cube_f103/Drivers/STM32F1xx_HAL_Driver/Src/stm32f1xx_hal_rcc.o
 .debug_frame   0x000013b4       0x84 ./src/lib/cube_f103/Drivers/STM32F1xx_HAL_Driver/Src/stm32f1xx_hal_rcc_ex.o
 .debug_frame   0x00001438      0x450 ./src/lib/cube_f103/Drivers/STM32F1xx_HAL_Driver/Src/stm32f1xx_ll_usb.o
 .debug_frame   0x00001888      0x300 ./src/lib/cube_f103/Middlewares/ST/STM32_USB_Device_Library/Core/Src/usbd_core.o
 .debug_frame   0x00001b88      0x218 ./src/lib/cube_f103/Middlewares/ST/STM32_USB_Device_Library/Core/Src/usbd_ctlreq.o
 .debug_frame   0x00001da0      0x10c ./src/lib/cube_f103/Middlewares/ST/STM32_USB_Device_Library/Core/Src/usbd_ioreq.o
 .debug_frame   0x00001eac      0x4a4 ./src/lib/cube_f103/USB_DEVICE/Target/usbd_conf.o
 .debug_frame   0x00002350       0x2c ./src/main.o
 .debug_frame   0x0000237c       0x20 C:/ST/STM32CubeIDE_1.18.0/STM32CubeIDE/plugins/com.st.stm32cube.ide.mcu.externaltools.gnu-tools-for-stm32.13.3.rel1.win32_1.0.0.202411081344/tools/bin/../lib/gcc/arm-none-eabi/13.3.1/../../../../arm-none-eabi/lib/thumb/v7-m/nofp\libc_nano.a(libc_a-memset.o)
 .debug_frame   0x0000239c       0x2c C:/ST/STM32CubeIDE_1.18.0/STM32CubeIDE/plugins/com.st.stm32cube.ide.mcu.externaltools.gnu-tools-for-stm32.13.3.rel1.win32_1.0.0.202411081344/tools/bin/../lib/gcc/arm-none-eabi/13.3.1/../../../../arm-none-eabi/lib/thumb/v7-m/nofp\libc_nano.a(libc_a-init.o)

.debug_line_str
                0x00000000       0x59
 .debug_line_str
                0x00000000       0x59 ./src/bsp/startup/startup_stm32f103rbtx.o
