Archive member included to satisfy reference by file (symbol)

/opt/st/stm32cubeide_1.18.0/plugins/com.st.stm32cube.ide.mcu.externaltools.gnu-tools-for-stm32.13.3.rel1.linux64_1.0.0.202410170706/tools/bin/../lib/gcc/arm-none-eabi/13.3.1/../../../../arm-none-eabi/lib/thumb/v7-m/nofp/libc_nano.a(libc_a-exit.o)
                              /opt/st/stm32cubeide_1.18.0/plugins/com.st.stm32cube.ide.mcu.externaltools.gnu-tools-for-stm32.13.3.rel1.linux64_1.0.0.202410170706/tools/bin/../lib/gcc/arm-none-eabi/13.3.1/../../../../arm-none-eabi/lib/thumb/v7-m/nofp/crt0.o (exit)
/opt/st/stm32cubeide_1.18.0/plugins/com.st.stm32cube.ide.mcu.externaltools.gnu-tools-for-stm32.13.3.rel1.linux64_1.0.0.202410170706/tools/bin/../lib/gcc/arm-none-eabi/13.3.1/../../../../arm-none-eabi/lib/thumb/v7-m/nofp/libc_nano.a(libc_a-findfp.o)
                              /opt/st/stm32cubeide_1.18.0/plugins/com.st.stm32cube.ide.mcu.externaltools.gnu-tools-for-stm32.13.3.rel1.linux64_1.0.0.202410170706/tools/bin/../lib/gcc/arm-none-eabi/13.3.1/../../../../arm-none-eabi/lib/thumb/v7-m/nofp/libc_nano.a(libc_a-exit.o) (__stdio_exit_handler)
/opt/st/stm32cubeide_1.18.0/plugins/com.st.stm32cube.ide.mcu.externaltools.gnu-tools-for-stm32.13.3.rel1.linux64_1.0.0.202410170706/tools/bin/../lib/gcc/arm-none-eabi/13.3.1/../../../../arm-none-eabi/lib/thumb/v7-m/nofp/libc_nano.a(libc_a-fwalk.o)
                              /opt/st/stm32cubeide_1.18.0/plugins/com.st.stm32cube.ide.mcu.externaltools.gnu-tools-for-stm32.13.3.rel1.linux64_1.0.0.202410170706/tools/bin/../lib/gcc/arm-none-eabi/13.3.1/../../../../arm-none-eabi/lib/thumb/v7-m/nofp/libc_nano.a(libc_a-findfp.o) (_fwalk_sglue)
/opt/st/stm32cubeide_1.18.0/plugins/com.st.stm32cube.ide.mcu.externaltools.gnu-tools-for-stm32.13.3.rel1.linux64_1.0.0.202410170706/tools/bin/../lib/gcc/arm-none-eabi/13.3.1/../../../../arm-none-eabi/lib/thumb/v7-m/nofp/libc_nano.a(libc_a-stdio.o)
                              /opt/st/stm32cubeide_1.18.0/plugins/com.st.stm32cube.ide.mcu.externaltools.gnu-tools-for-stm32.13.3.rel1.linux64_1.0.0.202410170706/tools/bin/../lib/gcc/arm-none-eabi/13.3.1/../../../../arm-none-eabi/lib/thumb/v7-m/nofp/libc_nano.a(libc_a-findfp.o) (__sread)
/opt/st/stm32cubeide_1.18.0/plugins/com.st.stm32cube.ide.mcu.externaltools.gnu-tools-for-stm32.13.3.rel1.linux64_1.0.0.202410170706/tools/bin/../lib/gcc/arm-none-eabi/13.3.1/../../../../arm-none-eabi/lib/thumb/v7-m/nofp/libc_nano.a(libc_a-memset.o)
                              /opt/st/stm32cubeide_1.18.0/plugins/com.st.stm32cube.ide.mcu.externaltools.gnu-tools-for-stm32.13.3.rel1.linux64_1.0.0.202410170706/tools/bin/../lib/gcc/arm-none-eabi/13.3.1/../../../../arm-none-eabi/lib/thumb/v7-m/nofp/crt0.o (memset)
/opt/st/stm32cubeide_1.18.0/plugins/com.st.stm32cube.ide.mcu.externaltools.gnu-tools-for-stm32.13.3.rel1.linux64_1.0.0.202410170706/tools/bin/../lib/gcc/arm-none-eabi/13.3.1/../../../../arm-none-eabi/lib/thumb/v7-m/nofp/libc_nano.a(libc_a-closer.o)
                              /opt/st/stm32cubeide_1.18.0/plugins/com.st.stm32cube.ide.mcu.externaltools.gnu-tools-for-stm32.13.3.rel1.linux64_1.0.0.202410170706/tools/bin/../lib/gcc/arm-none-eabi/13.3.1/../../../../arm-none-eabi/lib/thumb/v7-m/nofp/libc_nano.a(libc_a-stdio.o) (_close_r)
/opt/st/stm32cubeide_1.18.0/plugins/com.st.stm32cube.ide.mcu.externaltools.gnu-tools-for-stm32.13.3.rel1.linux64_1.0.0.202410170706/tools/bin/../lib/gcc/arm-none-eabi/13.3.1/../../../../arm-none-eabi/lib/thumb/v7-m/nofp/libc_nano.a(libc_a-reent.o)
                              /opt/st/stm32cubeide_1.18.0/plugins/com.st.stm32cube.ide.mcu.externaltools.gnu-tools-for-stm32.13.3.rel1.linux64_1.0.0.202410170706/tools/bin/../lib/gcc/arm-none-eabi/13.3.1/../../../../arm-none-eabi/lib/thumb/v7-m/nofp/libc_nano.a(libc_a-closer.o) (errno)
/opt/st/stm32cubeide_1.18.0/plugins/com.st.stm32cube.ide.mcu.externaltools.gnu-tools-for-stm32.13.3.rel1.linux64_1.0.0.202410170706/tools/bin/../lib/gcc/arm-none-eabi/13.3.1/../../../../arm-none-eabi/lib/thumb/v7-m/nofp/libc_nano.a(libc_a-impure.o)
                              /opt/st/stm32cubeide_1.18.0/plugins/com.st.stm32cube.ide.mcu.externaltools.gnu-tools-for-stm32.13.3.rel1.linux64_1.0.0.202410170706/tools/bin/../lib/gcc/arm-none-eabi/13.3.1/../../../../arm-none-eabi/lib/thumb/v7-m/nofp/libc_nano.a(libc_a-reent.o) (_impure_ptr)
/opt/st/stm32cubeide_1.18.0/plugins/com.st.stm32cube.ide.mcu.externaltools.gnu-tools-for-stm32.13.3.rel1.linux64_1.0.0.202410170706/tools/bin/../lib/gcc/arm-none-eabi/13.3.1/../../../../arm-none-eabi/lib/thumb/v7-m/nofp/libc_nano.a(libc_a-lseekr.o)
                              /opt/st/stm32cubeide_1.18.0/plugins/com.st.stm32cube.ide.mcu.externaltools.gnu-tools-for-stm32.13.3.rel1.linux64_1.0.0.202410170706/tools/bin/../lib/gcc/arm-none-eabi/13.3.1/../../../../arm-none-eabi/lib/thumb/v7-m/nofp/libc_nano.a(libc_a-stdio.o) (_lseek_r)
[...]
Memory Configuration

Name             Origin             Length             Attributes
RAM              0x20000000         0x00005000         xrw
FLASH            0x08000000         0x00020000         xr
*default*        0x00000000         0xffffffff

Linker script and memory map

LOAD /opt/st/stm32cubeide_1.18.0/plugins/com.st.stm32cube.ide.mcu.externaltools.gnu-tools-for-stm32.13.3.rel1.linux64_1.0.0.202410170706/tools/bin/../lib/gcc/arm-none-eabi/13.3.1/thumb/v7-m/nofp/crti.o
LOAD /opt/st/stm32cubeide_1.18.0/plugins/com.st.stm32cube.ide.mcu.externaltools.gnu-tools-for-stm32.13.3.rel1.linux64_1.0.0.202410170706/tools/bin/../lib/gcc/arm-none-eabi/13.3.1/thumb/v7-m/nofp/crtbegin.o
LOAD /opt/st/stm32cubeide_1.18.0/plugins/com.st.stm32cube.ide.mcu.externaltools.gnu-tools-for-stm32.13.3.rel1.linux64_1.0.0.202410170706/tools/bin/../lib/gcc/arm-none-eabi/13.3.1/../../../../arm-none-eabi/lib/thumb/v7-m/nofp/crt0.o
LOAD ./src/ap/ap.o
LOAD ./src/bsp/bsp.o
LOAD ./src/bsp/stm32f1xx_hal_msp.o
LOAD ./src/bsp/stm32f1xx_it.o
LOAD ./src/bsp/syscalls.o
LOAD ./src/bsp/sysmem.o
LOAD ./src/bsp/system_stm32f1xx.o
LOAD ./src/bsp/startup/startup_stm32f103rbtx.o
LOAD ./src/hw/driver/led.o
LOAD ./src/hw/hw.o
LOAD ./src/lib/cube_f103/Drivers/STM32F1xx_HAL_Driver/Src/stm32f1xx_hal.o
LOAD ./src/lib/cube_f103/Drivers/STM32F1xx_HAL_Driver/Src/stm32f1xx_hal_cortex.o
LOAD ./src/lib/cube_f103/Drivers/STM32F1xx_HAL_Driver/Src/stm32f1xx_hal_dma.o
LOAD ./src/lib/cube_f103/Drivers/STM32F1xx_HAL_Driver/Src/stm32f1xx_hal_exti.o
LOAD ./src/lib/cube_f103/Drivers/STM32F1xx_HAL_Driver/Src/stm32f1xx_hal_flash.o
LOAD ./src/lib/cube_f103/Drivers/STM32F1xx_HAL_Driver/Src/stm32f1xx_hal_flash_ex.o
LOAD ./src/lib/cube_f103/Drivers/STM32F1xx_HAL_Driver/Src/stm32f1xx_hal_gpio.o
LOAD ./src/lib/cube_f103/Drivers/STM32F1xx_HAL_Driver/Src/stm32f1xx_hal_gpio_ex.o
LOAD ./src/lib/cube_f103/Drivers/STM32F1xx_HAL_Driver/Src/stm32f1xx_hal_pwr.o
LOAD ./src/lib/cube_f103/Drivers/STM32F1xx_HAL_Driver/Src/stm32f1xx_hal_rcc.o
LOAD ./src/lib/cube_f103/Drivers/STM32F1xx_HAL_Driver/Src/stm32f1xx_hal_rcc_ex.o
LOAD ./src/main.o
START GROUP
LOAD /opt/st/stm32cubeide_1.18.0/plugins/com.st.stm32cube.ide.mcu.externaltools.gnu-tools-for-stm32.13.3.rel1.linux64_1.0.0.202410170706/tools/bin/../lib/gcc/arm-none-eabi/13.3.1/../../../../arm-none-eabi/lib/thumb/v7-m/nofp/libc_nano.a
LOAD /opt/st/stm32cubeide_1.18.0/plugins/com.st.stm32cube.ide.mcu.externaltools.gnu-tools-for-stm32.13.3.rel1.linux64_1.0.0.202410170706/tools/bin/../lib/gcc/arm-none-eabi/13.3.1/../../../../arm-none-eabi/lib/thumb/v7-m/nofp/libm.a
END GROUP
START GROUP
LOAD /opt/st/stm32cubeide_1.18.0/plugins/com.st.stm32cube.ide.mcu.externaltools.gnu-tools-for-stm32.13.3.rel1.linux64_1.0.0.202410170706/tools/bin/../lib/gcc/arm-none-eabi/13.3.1/thumb/v7-m/nofp/libgcc.a
LOAD /opt/st/stm32cubeide_1.18.0/plugins/com.st.stm32cube.ide.mcu.externaltools.gnu-tools-for-stm32.13.3.rel1.linux64_1.0.0.202410170706/tools/bin/../lib/gcc/arm-none-eabi/13.3.1/../../../../arm-none-eabi/lib/thumb/v7-m/nofp/libc_nano.a
END GROUP
START GROUP
LOAD /opt/st/stm32cubeide_1.18.0/plugins/com.st.stm32cube.ide.mcu.externaltools.gnu-tools-for-stm32.13.3.rel1.linux64_1.0.0.202410170706/tools/bin/../lib/gcc/arm-none-eabi/13.3.1/thumb/v7-m/nofp/libgcc.a
LOAD /opt/st/stm32cubeide_1.18.0/plugins/com.st.stm32cube.ide.mcu.externaltools.gnu-tools-for-stm32.13.3.rel1.linux64_1.0.0.202410170706/tools/bin/../lib/gcc/arm-none-eabi/13.3.1/../../../../arm-none-eabi/lib/thumb/v7-m/nofp/libc_nano.a
LOAD /opt/st/stm32cubeide_1.18.0/plugins/com.st.stm32cube.ide.mcu.externaltools.gnu-tools-for-stm32.13.3.rel1.linux64_1.0.0.202410170706/tools/bin/../lib/gcc/arm-none-eabi/13.3.1/../../../../arm-none-eabi/lib/thumb/v7-m/nofp/libnosys.a
END GROUP
START GROUP
LOAD /opt/st/stm32cubeide_1.18.0/plugins/com.st.stm32cube.ide.mcu.externaltools.gnu-tools-for-stm32.13.3.rel1.linux64_1.0.0.202410170706/tools/bin/../lib/gcc/arm-none-eabi/13.3.1/thumb/v7-m/nofp/libgcc.a
LOAD /opt/st/stm32cubeide_1.18.0/plugins/com.st.stm32cube.ide.mcu.externaltools.gnu-tools-for-stm32.13.3.rel1.linux64_1.0.0.202410170706/tools/bin/../lib/gcc/arm-none-eabi/13.3.1/../../../../arm-none-eabi/lib/thumb/v7-m/nofp/libc_nano.a
LOAD /opt/st/stm32cubeide_1.18.0/plugins/com.st.stm32cube.ide.mcu.externaltools.gnu-tools-for-stm32.13.3.rel1.linux64_1.0.0.202410170706/tools/bin/../lib/gcc/arm-none-eabi/13.3.1/../../../../arm-none-eabi/lib/thumb/v7-m/nofp/libnosys.a
END GROUP
LOAD /opt/st/stm32cubeide_1.18.0/plugins/com.st.stm32cube.ide.mcu.externaltools.gnu-tools-for-stm32.13.3.rel1.linux64_1.0.0.202410170706/tools/bin/../lib/gcc/arm-none-eabi/13.3.1/thumb/v7-m/nofp/crtend.o
LOAD /opt/st/stm32cubeide_1.18.0/plugins/com.st.stm32cube.ide.mcu.externaltools.gnu-tools-for-stm32.13.3.rel1.linux64_1.0.0.202410170706/tools/bin/../lib/gcc/arm-none-eabi/13.3.1/thumb/v7-m/nofp/crtn.o
                0x20005000                        _estack = (ORIGIN (RAM) + LENGTH (RAM))
                0x00000200                        _Min_Heap_Size = 0x200
                0x00000400                        _Min_Stack_Size = 0x400

.isr_vector     0x08000000      0x130
                0x08000000                        . = ALIGN (0x4)
 *(.isr_vector)
 .isr_vector    0x08000000      0x130 ./src/bsp/startup/startup_stm32f103rbtx.o
                0x08000000                g_pfnVectors
                0x08000130                        . = ALIGN (0x4)

.text           0x08000130     0x1224
                0x08000130                        . = ALIGN (0x4)
 *(.text)
 .text          0x08000130       0x40 /opt/st/stm32cubeide_1.18.0/plugins/com.st.stm32cube.ide.mcu.externaltools.gnu-tools-for-stm32.13.3.rel1.linux64_1.0.0.202410170706/tools/bin/../lib/gcc/arm-none-eabi/13.3.1/thumb/v7-m/nofp/crtbegin.o
 *(.text*)
 .text.ap_Init  0x08000170        0xc ./src/ap/ap.o
                0x08000170                ap_Init
 .text.ap_Main  0x0800017c       0x16 ./src/ap/ap.o
                0x0800017c                ap_Main
 *fill*         0x08000192        0x2 
 .text.bsp_Init
                0x08000194       0x4c ./src/bsp/bsp.o
                0x08000194                bsp_Init
 .text.delay    0x080001e0       0x16 ./src/bsp/bsp.o
                0x080001e0                delay
 .text.SystemClock_Config
                0x080001f6       0x8a ./src/bsp/bsp.o
                0x080001f6                SystemClock_Config
 .text.Error_Handler
                0x08000280        0xc ./src/bsp/bsp.o
                0x08000280                Error_Handler
 .text.HAL_MspInit
                0x0800028c       0x64 ./src/bsp/stm32f1xx_hal_msp.o
                0x0800028c                HAL_MspInit
 .text.NMI_Handler
                0x080002f0        0x8 ./src/bsp/stm32f1xx_it.o
                0x080002f0                NMI_Handler
 .text.HardFault_Handler
                0x080002f8        0x8 ./src/bsp/stm32f1xx_it.o
                0x080002f8                HardFault_Handler
 .text.MemManage_Handler
                0x08000300        0x8 ./src/bsp/stm32f1xx_it.o
                0x08000300                MemManage_Handler
 .text.BusFault_Handler
                0x08000308        0x8 ./src/bsp/stm32f1xx_it.o
                0x08000308                BusFault_Handler
 .text.UsageFault_Handler
                0x08000310        0x8 ./src/bsp/stm32f1xx_it.o
                0x08000310                UsageFault_Handler
 .text.SVC_Handler
                0x08000318        0xc ./src/bsp/stm32f1xx_it.o
                0x08000318                SVC_Handler
 .text.DebugMon_Handler
                0x08000324        0xc ./src/bsp/stm32f1xx_it.o
                0x08000324                DebugMon_Handler
 .text.PendSV_Handler
                0x08000330        0xc ./src/bsp/stm32f1xx_it.o
                0x08000330                PendSV_Handler
 .text.SysTick_Handler
                0x0800033c        0xc ./src/bsp/stm32f1xx_it.o
                0x0800033c                SysTick_Handler
 .text.SystemInit
                0x08000348        0xc ./src/bsp/system_stm32f1xx.o
                0x08000348                SystemInit
 .text.Reset_Handler
                0x08000354       0x50 ./src/bsp/startup/startup_stm32f103rbtx.o
                0x08000354                Reset_Handler
 .text.Default_Handler
                0x080003a4        0x2 ./src/bsp/startup/startup_stm32f103rbtx.o
                0x080003a4                EXTI2_IRQHandler
                0x080003a4                TIM8_TRG_COM_IRQHandler
                0x080003a4                TIM8_CC_IRQHandler
                0x080003a4                TIM1_CC_IRQHandler
                0x080003a4                TIM6_IRQHandler
                0x080003a4                PVD_IRQHandler
                0x080003a4                SDIO_IRQHandler
                0x080003a4                EXTI3_IRQHandler
                0x080003a4                USB_HP_CAN_TX_IRQHandler
                0x080003a4                EXTI0_IRQHandler
                0x080003a4                I2C2_EV_IRQHandler
                0x080003a4                ADC1_2_IRQHandler
                0x080003a4                SPI1_IRQHandler
                0x080003a4                CAN_SCE_IRQHandler
                0x080003a4                TAMPER_IRQHandler
                0x080003a4                TIM8_UP_IRQHandler
                0x080003a4                DMA2_Channel2_IRQHandler
                0x080003a4                DMA1_Channel4_IRQHandler
                0x080003a4                USART3_IRQHandler
                0x080003a4                RTC_IRQHandler
                0x080003a4                DMA1_Channel7_IRQHandler
                0x080003a4                UART5_IRQHandler
                0x080003a4                ADC3_IRQHandler
                0x080003a4                TIM4_IRQHandler
                0x080003a4                CAN_RX1_IRQHandler
                0x080003a4                DMA2_Channel1_IRQHandler
                0x080003a4                I2C1_EV_IRQHandler
                0x080003a4                DMA1_Channel6_IRQHandler
                0x080003a4                UART4_IRQHandler
                0x080003a4                TIM3_IRQHandler
                0x080003a4                RCC_IRQHandler
                0x080003a4                TIM1_TRG_COM_IRQHandler
                0x080003a4                DMA1_Channel1_IRQHandler
                0x080003a4                Default_Handler
                0x080003a4                EXTI15_10_IRQHandler
                0x080003a4                TIM7_IRQHandler
                0x080003a4                TIM5_IRQHandler
                0x080003a4                EXTI9_5_IRQHandler
                0x080003a4                SPI2_IRQHandler
                0x080003a4                USB_LP_CAN_RX0_IRQHandler
                0x080003a4                DMA1_Channel5_IRQHandler
                0x080003a4                EXTI4_IRQHandler
                0x080003a4                DMA1_Channel3_IRQHandler
                0x080003a4                FSMC_IRQHandler
                0x080003a4                TIM1_UP_IRQHandler
                0x080003a4                WWDG_IRQHandler
                0x080003a4                TIM2_IRQHandler
                0x080003a4                TIM1_BRK_IRQHandler
                0x080003a4                EXTI1_IRQHandler
                0x080003a4                RTCAlarm_IRQHandler
                0x080003a4                DMA2_Channel4_5_IRQHandler
                0x080003a4                USART2_IRQHandler
                0x080003a4                I2C2_ER_IRQHandler
                0x080003a4                DMA1_Channel2_IRQHandler
                0x080003a4                TIM8_BRK_IRQHandler
                0x080003a4                FLASH_IRQHandler
                0x080003a4                USART1_IRQHandler
                0x080003a4                SPI3_IRQHandler
                0x080003a4                I2C1_ER_IRQHandler
                0x080003a4                DMA2_Channel3_IRQHandler
 *fill*         0x080003a6        0x2 
 .text.led_init
                0x080003a8       0x8c ./src/hw/driver/led.o
                0x080003a8                led_init
 .text.led_off  0x08000434       0x40 ./src/hw/driver/led.o
                0x08000434                led_off
 .text.led_toggle
                0x08000474       0x38 ./src/hw/driver/led.o
                0x08000474                led_toggle
 .text.hw_Init  0x080004ac       0x10 ./src/hw/hw.o
                0x080004ac                hw_Init
 .text.HAL_Init
                0x080004bc       0x2c ./src/lib/cube_f103/Drivers/STM32F1xx_HAL_Driver/Src/stm32f1xx_hal.o
                0x080004bc                HAL_Init
 .text.HAL_InitTick
                0x080004e8       0x60 ./src/lib/cube_f103/Drivers/STM32F1xx_HAL_Driver/Src/stm32f1xx_hal.o
                0x080004e8                HAL_InitTick
 .text.HAL_IncTick
                0x08000548       0x24 ./src/lib/cube_f103/Drivers/STM32F1xx_HAL_Driver/Src/stm32f1xx_hal.o
                0x08000548                HAL_IncTick
 .text.HAL_GetTick
                0x0800056c       0x14 ./src/lib/cube_f103/Drivers/STM32F1xx_HAL_Driver/Src/stm32f1xx_hal.o
                0x0800056c                HAL_GetTick
 .text.HAL_Delay
                0x08000580       0x48 ./src/lib/cube_f103/Drivers/STM32F1xx_HAL_Driver/Src/stm32f1xx_hal.o
                0x08000580                HAL_Delay
 .text.__NVIC_SetPriorityGrouping
                0x080005c8       0x48 ./src/lib/cube_f103/Drivers/STM32F1xx_HAL_Driver/Src/stm32f1xx_hal_cortex.o
 .text.__NVIC_GetPriorityGrouping
                0x08000610       0x1c ./src/lib/cube_f103/Drivers/STM32F1xx_HAL_Driver/Src/stm32f1xx_hal_cortex.o
 .text.__NVIC_SetPriority
                0x0800062c       0x54 ./src/lib/cube_f103/Drivers/STM32F1xx_HAL_Driver/Src/stm32f1xx_hal_cortex.o
 .text.NVIC_EncodePriority
                0x08000680       0x64 ./src/lib/cube_f103/Drivers/STM32F1xx_HAL_Driver/Src/stm32f1xx_hal_cortex.o
 .text.SysTick_Config
                0x080006e4       0x44 ./src/lib/cube_f103/Drivers/STM32F1xx_HAL_Driver/Src/stm32f1xx_hal_cortex.o
 .text.HAL_NVIC_SetPriorityGrouping
                0x08000728       0x16 ./src/lib/cube_f103/Drivers/STM32F1xx_HAL_Driver/Src/stm32f1xx_hal_cortex.o
                0x08000728                HAL_NVIC_SetPriorityGrouping
 .text.HAL_NVIC_SetPriority
                0x0800073e       0x38 ./src/lib/cube_f103/Drivers/STM32F1xx_HAL_Driver/Src/stm32f1xx_hal_cortex.o
                0x0800073e                HAL_NVIC_SetPriority
 .text.HAL_SYSTICK_Config
                0x08000776       0x18 ./src/lib/cube_f103/Drivers/STM32F1xx_HAL_Driver/Src/stm32f1xx_hal_cortex.o
                0x08000776                HAL_SYSTICK_Config
 *fill*         0x0800078e        0x2 
 .text.HAL_GPIO_Init
                0x08000790      0x308 ./src/lib/cube_f103/Drivers/STM32F1xx_HAL_Driver/Src/stm32f1xx_hal_gpio.o
                0x08000790                HAL_GPIO_Init
 .text.HAL_GPIO_WritePin
                0x08000a98       0x30 ./src/lib/cube_f103/Drivers/STM32F1xx_HAL_Driver/Src/stm32f1xx_hal_gpio.o
                0x08000a98                HAL_GPIO_WritePin
 .text.HAL_GPIO_TogglePin
                0x08000ac8       0x32 ./src/lib/cube_f103/Drivers/STM32F1xx_HAL_Driver/Src/stm32f1xx_hal_gpio.o
                0x08000ac8                HAL_GPIO_TogglePin
 *fill*         0x08000afa        0x2 
 .text.HAL_RCC_OscConfig
                0x08000afc      0x504 ./src/lib/cube_f103/Drivers/STM32F1xx_HAL_Driver/Src/stm32f1xx_hal_rcc.o
                0x08000afc                HAL_RCC_OscConfig
 .text.HAL_RCC_ClockConfig
                0x08001000      0x1d4 ./src/lib/cube_f103/Drivers/STM32F1xx_HAL_Driver/Src/stm32f1xx_hal_rcc.o
                0x08001000                HAL_RCC_ClockConfig
 .text.HAL_RCC_GetSysClockFreq
                0x080011d4       0xbc ./src/lib/cube_f103/Drivers/STM32F1xx_HAL_Driver/Src/stm32f1xx_hal_rcc.o
                0x080011d4                HAL_RCC_GetSysClockFreq
 .text.RCC_Delay
                0x08001290       0x3c ./src/lib/cube_f103/Drivers/STM32F1xx_HAL_Driver/Src/stm32f1xx_hal_rcc.o
 .text.main     0x080012cc       0x16 ./src/main.o
                0x080012cc                main
 .text.memset   0x080012e2       0x10 /opt/st/stm32cubeide_1.18.0/plugins/com.st.stm32cube.ide.mcu.externaltools.gnu-tools-for-stm32.13.3.rel1.linux64_1.0.0.202410170706/tools/bin/../lib/gcc/arm-none-eabi/13.3.1/../../../../arm-none-eabi/lib/thumb/v7-m/nofp/libc_nano.a(libc_a-memset.o)
                0x080012e2                memset
 *fill*         0x080012f2        0x2 
 .text.__libc_init_array
                0x080012f4       0x48 /opt/st/stm32cubeide_1.18.0/plugins/com.st.stm32cube.ide.mcu.externaltools.gnu-tools-for-stm32.13.3.rel1.linux64_1.0.0.202410170706/tools/bin/../lib/gcc/arm-none-eabi/13.3.1/../../../../arm-none-eabi/lib/thumb/v7-m/nofp/libc_nano.a(libc_a-init.o)
                0x080012f4                __libc_init_array
 *(.glue_7)
 .glue_7        0x0800133c        0x0 linker stubs
 *(.glue_7t)
 .glue_7t       0x0800133c        0x0 linker stubs
 *(.eh_frame)
 .eh_frame      0x0800133c        0x0 /opt/st/stm32cubeide_1.18.0/plugins/com.st.stm32cube.ide.mcu.externaltools.gnu-tools-for-stm32.13.3.rel1.linux64_1.0.0.202410170706/tools/bin/../lib/gcc/arm-none-eabi/13.3.1/thumb/v7-m/nofp/crtbegin.o
 *(.init)
 .init          0x0800133c        0x4 /opt/st/stm32cubeide_1.18.0/plugins/com.st.stm32cube.ide.mcu.externaltools.gnu-tools-for-stm32.13.3.rel1.linux64_1.0.0.202410170706/tools/bin/../lib/gcc/arm-none-eabi/13.3.1/thumb/v7-m/nofp/crti.o
                0x0800133c                _init
 .init          0x08001340        0x8 /opt/st/stm32cubeide_1.18.0/plugins/com.st.stm32cube.ide.mcu.externaltools.gnu-tools-for-stm32.13.3.rel1.linux64_1.0.0.202410170706/tools/bin/../lib/gcc/arm-none-eabi/13.3.1/thumb/v7-m/nofp/crtn.o
 *(.fini)
 .fini          0x08001348        0x4 /opt/st/stm32cubeide_1.18.0/plugins/com.st.stm32cube.ide.mcu.externaltools.gnu-tools-for-stm32.13.3.rel1.linux64_1.0.0.202410170706/tools/bin/../lib/gcc/arm-none-eabi/13.3.1/thumb/v7-m/nofp/crti.o
                0x08001348                _fini
 .fini          0x0800134c        0x8 /opt/st/stm32cubeide_1.18.0/plugins/com.st.stm32cube.ide.mcu.externaltools.gnu-tools-for-stm32.13.3.rel1.linux64_1.0.0.202410170706/tools/bin/../lib/gcc/arm-none-eabi/13.3.1/thumb/v7-m/nofp/crtn.o
                0x08001354                        . = ALIGN (0x4)
                0x08001354                        _etext = .

.vfp11_veneer   0x08001354        0x0
 .vfp11_veneer  0x08001354        0x0 linker stubs

.v4_bx          0x08001354        0x0
 .v4_bx         0x08001354        0x0 linker stubs

.iplt           0x08001354        0x0
 .iplt          0x08001354        0x0 /opt/st/stm32cubeide_1.18.0/plugins/com.st.stm32cube.ide.mcu.externaltools.gnu-tools-for-stm32.13.3.rel1.linux64_1.0.0.202410170706/tools/bin/../lib/gcc/arm-none-eabi/13.3.1/thumb/v7-m/nofp/crtbegin.o

.rodata         0x08001354       0x20
                0x08001354                        . = ALIGN (0x4)
 *(.rodata)
 .rodata        0x08001354       0x10 ./src/lib/cube_f103/Drivers/STM32F1xx_HAL_Driver/Src/stm32f1xx_hal_rcc.o
 *(.rodata*)
 .rodata.AHBPrescTable
                0x08001364       0x10 ./src/bsp/system_stm32f1xx.o
                0x08001364                AHBPrescTable
                0x08001374                        . = ALIGN (0x4)

.ARM.extab      0x08001374        0x0
                0x08001374                        . = ALIGN (0x4)
 *(.ARM.extab* .gnu.linkonce.armextab.*)
                0x08001374                        . = ALIGN (0x4)

.ARM            0x08001374        0x0
                0x08001374                        . = ALIGN (0x4)
                0x08001374                        __exidx_start = .
 *(.ARM.exidx*)
                0x08001374                        __exidx_end = .
                0x08001374                        . = ALIGN (0x4)

.preinit_array  0x08001374        0x0
                0x08001374                        . = ALIGN (0x4)
                0x08001374                        PROVIDE (__preinit_array_start = .)
 *(.preinit_array*)
                0x08001374                        PROVIDE (__preinit_array_end = .)
                0x08001374                        . = ALIGN (0x4)

.init_array     0x08001374        0x4
                0x08001374                        . = ALIGN (0x4)
                0x08001374                        PROVIDE (__init_array_start = .)
 *(SORT_BY_NAME(.init_array.*))
 *(.init_array*)
 .init_array    0x08001374        0x4 /opt/st/stm32cubeide_1.18.0/plugins/com.st.stm32cube.ide.mcu.externaltools.gnu-tools-for-stm32.13.3.rel1.linux64_1.0.0.202410170706/tools/bin/../lib/gcc/arm-none-eabi/13.3.1/thumb/v7-m/nofp/crtbegin.o
                0x08001378                        PROVIDE (__init_array_end = .)
                0x08001378                        . = ALIGN (0x4)

.fini_array     0x08001378        0x4
                0x08001378                        . = ALIGN (0x4)
                [!provide]                        PROVIDE (__fini_array_start = .)
 *(SORT_BY_NAME(.fini_array.*))
 *(.fini_array*)
 .fini_array    0x08001378        0x4 /opt/st/stm32cubeide_1.18.0/plugins/com.st.stm32cube.ide.mcu.externaltools.gnu-tools-for-stm32.13.3.rel1.linux64_1.0.0.202410170706/tools/bin/../lib/gcc/arm-none-eabi/13.3.1/thumb/v7-m/nofp/crtbegin.o
                [!provide]                        PROVIDE (__fini_array_end = .)
                0x0800137c                        . = ALIGN (0x4)
                0x0800137c                        _sidata = LOADADDR (.data)

.rel.dyn        0x0800137c        0x0
 .rel.iplt      0x0800137c        0x0 /opt/st/stm32cubeide_1.18.0/plugins/com.st.stm32cube.ide.mcu.externaltools.gnu-tools-for-stm32.13.3.rel1.linux64_1.0.0.202410170706/tools/bin/../lib/gcc/arm-none-eabi/13.3.1/thumb/v7-m/nofp/crtbegin.o

.data           0x20000000       0x14 load address 0x0800137c
                0x20000000                        . = ALIGN (0x4)
                0x20000000                        _sdata = .
 *(.data)
 *(.data*)
 .data.SystemCoreClock
                0x20000000        0x4 ./src/bsp/system_stm32f1xx.o
                0x20000000                SystemCoreClock
 .data.led_table
                0x20000004        0x8 ./src/hw/driver/led.o
                0x20000004                led_table
 .data.uwTickPrio
                0x2000000c        0x4 ./src/lib/cube_f103/Drivers/STM32F1xx_HAL_Driver/Src/stm32f1xx_hal.o
                0x2000000c                uwTickPrio
 .data.uwTickFreq
                0x20000010        0x1 ./src/lib/cube_f103/Drivers/STM32F1xx_HAL_Driver/Src/stm32f1xx_hal.o
                0x20000010                uwTickFreq
 *(.RamFunc)
 *(.RamFunc*)
                0x20000014                        . = ALIGN (0x4)
 *fill*         0x20000011        0x3 
                0x20000014                        _edata = .

.igot.plt       0x20000014        0x0 load address 0x08001390
 .igot.plt      0x20000014        0x0 /opt/st/stm32cubeide_1.18.0/plugins/com.st.stm32cube.ide.mcu.externaltools.gnu-tools-for-stm32.13.3.rel1.linux64_1.0.0.202410170706/tools/bin/../lib/gcc/arm-none-eabi/13.3.1/thumb/v7-m/nofp/crtbegin.o
                0x20000014                        . = ALIGN (0x4)

.bss            0x20000014       0x20 load address 0x08001390
                0x20000014                        _sbss = .
                0x20000014                        __bss_start__ = _sbss
 *(.bss)
 .bss           0x20000014       0x1c /opt/st/stm32cubeide_1.18.0/plugins/com.st.stm32cube.ide.mcu.externaltools.gnu-tools-for-stm32.13.3.rel1.linux64_1.0.0.202410170706/tools/bin/../lib/gcc/arm-none-eabi/13.3.1/thumb/v7-m/nofp/crtbegin.o
 *(.bss*)
 .bss.uwTick    0x20000030        0x4 ./src/lib/cube_f103/Drivers/STM32F1xx_HAL_Driver/Src/stm32f1xx_hal.o
                0x20000030                uwTick
 *(COMMON)
                0x20000034                        . = ALIGN (0x4)
                0x20000034                        _ebss = .
                0x20000034                        __bss_end__ = _ebss

._user_heap_stack
                0x20000034      0x604 load address 0x08001390
                0x20000038                        . = ALIGN (0x8)
 *fill*         0x20000034        0x4 
                [!provide]                        PROVIDE (end = .)
                0x20000038                        PROVIDE (_end = .)
                0x20000238                        . = (. + _Min_Heap_Size)
 *fill*         0x20000038      0x200 
                0x20000638                        . = (. + _Min_Stack_Size)
 *fill*         0x20000238      0x400 
                0x20000638                        . = ALIGN (0x8)

/DISCARD/
 libc.a(*)
 libm.a(*)
 libgcc.a(*)

.ARM.attributes
                0x00000000       0x29
 *(.ARM.attributes)
 .ARM.attributes
                0x00000000       0x1d /opt/st/stm32cubeide_1.18.0/plugins/com.st.stm32cube.ide.mcu.externaltools.gnu-tools-for-stm32.13.3.rel1.linux64_1.0.0.202410170706/tools/bin/../lib/gcc/arm-none-eabi/13.3.1/thumb/v7-m/nofp/crti.o
 .ARM.attributes
                0x0000001d       0x2d /opt/st/stm32cubeide_1.18.0/plugins/com.st.stm32cube.ide.mcu.externaltools.gnu-tools-for-stm32.13.3.rel1.linux64_1.0.0.202410170706/tools/bin/../lib/gcc/arm-none-eabi/13.3.1/thumb/v7-m/nofp/crtbegin.o
 .ARM.attributes
                0x0000004a       0x2d ./src/ap/ap.o
 .ARM.attributes
                0x00000077       0x2d ./src/bsp/bsp.o
 .ARM.attributes
                0x000000a4       0x2d ./src/bsp/stm32f1xx_hal_msp.o
 .ARM.attributes
                0x000000d1       0x2d ./src/bsp/stm32f1xx_it.o
 .ARM.attributes
                0x000000fe       0x2d ./src/bsp/system_stm32f1xx.o
 .ARM.attributes
                0x0000012b       0x21 ./src/bsp/startup/startup_stm32f103rbtx.o
 .ARM.attributes
                0x0000014c       0x2d ./src/hw/driver/led.o
 .ARM.attributes
                0x00000179       0x2d ./src/hw/hw.o
 .ARM.attributes
                0x000001a6       0x2d ./src/lib/cube_f103/Drivers/STM32F1xx_HAL_Driver/Src/stm32f1xx_hal.o
 .ARM.attributes
                0x000001d3       0x2d ./src/lib/cube_f103/Drivers/STM32F1xx_HAL_Driver/Src/stm32f1xx_hal_cortex.o
 .ARM.attributes
                0x00000200       0x2d ./src/lib/cube_f103/Drivers/STM32F1xx_HAL_Driver/Src/stm32f1xx_hal_gpio.o
 .ARM.attributes
                0x0000022d       0x2d ./src/lib/cube_f103/Drivers/STM32F1xx_HAL_Driver/Src/stm32f1xx_hal_rcc.o
 .ARM.attributes
                0x0000025a       0x2d ./src/main.o
 .ARM.attributes
                0x00000287       0x2d /opt/st/stm32cubeide_1.18.0/plugins/com.st.stm32cube.ide.mcu.externaltools.gnu-tools-for-stm32.13.3.rel1.linux64_1.0.0.202410170706/tools/bin/../lib/gcc/arm-none-eabi/13.3.1/../../../../arm-none-eabi/lib/thumb/v7-m/nofp/libc_nano.a(libc_a-memset.o)
 .ARM.attributes
                0x000002b4       0x2d /opt/st/stm32cubeide_1.18.0/plugins/com.st.stm32cube.ide.mcu.externaltools.gnu-tools-for-stm32.13.3.rel1.linux64_1.0.0.202410170706/tools/bin/../lib/gcc/arm-none-eabi/13.3.1/../../../../arm-none-eabi/lib/thumb/v7-m/nofp/libc_nano.a(libc_a-init.o)
 .ARM.attributes
                0x000002e1       0x1d /opt/st/stm32cubeide_1.18.0/plugins/com.st.stm32cube.ide.mcu.externaltools.gnu-tools-for-stm32.13.3.rel1.linux64_1.0.0.202410170706/tools/bin/../lib/gcc/arm-none-eabi/13.3.1/thumb/v7-m/nofp/crtn.o
OUTPUT(stm32f103_fw.elf elf32-littlearm)
LOAD linker stubs
LOAD /opt/st/stm32cubeide_1.18.0/plugins/com.st.stm32cube.ide.mcu.externaltools.gnu-tools-for-stm32.13.3.rel1.linux64_1.0.0.202410170706/tools/bin/../lib/gcc/arm-none-eabi/13.3.1/../../../../arm-none-eabi/lib/thumb/v7-m/nofp/libc.a
LOAD /opt/st/stm32cubeide_1.18.0/plugins/com.st.stm32cube.ide.mcu.externaltools.gnu-tools-for-stm32.13.3.rel1.linux64_1.0.0.202410170706/tools/bin/../lib/gcc/arm-none-eabi/13.3.1/../../../../arm-none-eabi/lib/thumb/v7-m/nofp/libm.a
LOAD /opt/st/stm32cubeide_1.18.0/plugins/com.st.stm32cube.ide.mcu.externaltools.gnu-tools-for-stm32.13.3.rel1.linux64_1.0.0.202410170706/tools/bin/../lib/gcc/arm-none-eabi/13.3.1/thumb/v7-m/nofp/libgcc.a

.debug_info     0x00000000     0x2e34
 .debug_info    0x00000000       0xf5 ./src/ap/ap.o
 .debug_info    0x000000f5      0x3ac ./src/bsp/bsp.o
 .debug_info    0x000004a1      0x1f8 ./src/bsp/stm32f1xx_hal_msp.o
 .debug_info    0x00000699      0x11a ./src/bsp/stm32f1xx_it.o
 .debug_info    0x000007b3      0x21b ./src/bsp/system_stm32f1xx.o
 .debug_info    0x000009ce       0x30 ./src/bsp/startup/startup_stm32f103rbtx.o
 .debug_info    0x000009fe      0x3c1 ./src/hw/driver/led.o
 .debug_info    0x00000dbf       0xac ./src/hw/hw.o
 .debug_info    0x00000e6b      0x704 ./src/lib/cube_f103/Drivers/STM32F1xx_HAL_Driver/Src/stm32f1xx_hal.o
 .debug_info    0x0000156f      0xa87 ./src/lib/cube_f103/Drivers/STM32F1xx_HAL_Driver/Src/stm32f1xx_hal_cortex.o
 .debug_info    0x00001ff6      0x5ab ./src/lib/cube_f103/Drivers/STM32F1xx_HAL_Driver/Src/stm32f1xx_hal_gpio.o
 .debug_info    0x000025a1      0x7e9 ./src/lib/cube_f103/Drivers/STM32F1xx_HAL_Driver/Src/stm32f1xx_hal_rcc.o
 .debug_info    0x00002d8a       0xaa ./src/main.o

.debug_abbrev   0x00000000     0x10e3
 .debug_abbrev  0x00000000       0x8a ./src/ap/ap.o
 .debug_abbrev  0x0000008a      0x1c4 ./src/bsp/bsp.o
 .debug_abbrev  0x0000024e       0xdb ./src/bsp/stm32f1xx_hal_msp.o
 .debug_abbrev  0x00000329       0x73 ./src/bsp/stm32f1xx_it.o
 .debug_abbrev  0x0000039c      0x13f ./src/bsp/system_stm32f1xx.o
 .debug_abbrev  0x000004db       0x24 ./src/bsp/startup/startup_stm32f103rbtx.o
 .debug_abbrev  0x000004ff      0x1a8 ./src/hw/driver/led.o
 .debug_abbrev  0x000006a7       0x6d ./src/hw/hw.o
 .debug_abbrev  0x00000714      0x201 ./src/lib/cube_f103/Drivers/STM32F1xx_HAL_Driver/Src/stm32f1xx_hal.o
 .debug_abbrev  0x00000915      0x2f8 ./src/lib/cube_f103/Drivers/STM32F1xx_HAL_Driver/Src/stm32f1xx_hal_cortex.o
 .debug_abbrev  0x00000c0d      0x1ca ./src/lib/cube_f103/Drivers/STM32F1xx_HAL_Driver/Src/stm32f1xx_hal_gpio.o
 .debug_abbrev  0x00000dd7      0x2b1 ./src/lib/cube_f103/Drivers/STM32F1xx_HAL_Driver/Src/stm32f1xx_hal_rcc.o
 .debug_abbrev  0x00001088       0x5b ./src/main.o

.debug_aranges  0x00000000      0x478
 .debug_aranges
                0x00000000       0x28 ./src/ap/ap.o
 .debug_aranges
                0x00000028       0x40 ./src/bsp/bsp.o
 .debug_aranges
                0x00000068       0x20 ./src/bsp/stm32f1xx_hal_msp.o
 .debug_aranges
                0x00000088       0x60 ./src/bsp/stm32f1xx_it.o
 .debug_aranges
                0x000000e8       0x28 ./src/bsp/system_stm32f1xx.o
 .debug_aranges
                0x00000110       0x28 ./src/bsp/startup/startup_stm32f103rbtx.o
 .debug_aranges
                0x00000138       0x38 ./src/hw/driver/led.o
 .debug_aranges
                0x00000170       0x20 ./src/hw/hw.o
 .debug_aranges
                0x00000190       0xe0 ./src/lib/cube_f103/Drivers/STM32F1xx_HAL_Driver/Src/stm32f1xx_hal.o
 .debug_aranges
                0x00000270      0x100 ./src/lib/cube_f103/Drivers/STM32F1xx_HAL_Driver/Src/stm32f1xx_hal_cortex.o
 .debug_aranges
                0x00000370       0x58 ./src/lib/cube_f103/Drivers/STM32F1xx_HAL_Driver/Src/stm32f1xx_hal_gpio.o
 .debug_aranges
                0x000003c8       0x90 ./src/lib/cube_f103/Drivers/STM32F1xx_HAL_Driver/Src/stm32f1xx_hal_rcc.o
 .debug_aranges
                0x00000458       0x20 ./src/main.o

.debug_rnglists
                0x00000000      0x323
 .debug_rnglists
                0x00000000       0x19 ./src/ap/ap.o
 .debug_rnglists
                0x00000019       0x2c ./src/bsp/bsp.o
 .debug_rnglists
                0x00000045       0x13 ./src/bsp/stm32f1xx_hal_msp.o
 .debug_rnglists
                0x00000058       0x43 ./src/bsp/stm32f1xx_it.o
 .debug_rnglists
                0x0000009b       0x1a ./src/bsp/system_stm32f1xx.o
 .debug_rnglists
                0x000000b5       0x19 ./src/bsp/startup/startup_stm32f103rbtx.o
 .debug_rnglists
                0x000000ce       0x26 ./src/hw/driver/led.o
 .debug_rnglists
                0x000000f4       0x13 ./src/hw/hw.o
 .debug_rnglists
                0x00000107       0xa3 ./src/lib/cube_f103/Drivers/STM32F1xx_HAL_Driver/Src/stm32f1xx_hal.o
 .debug_rnglists
                0x000001aa       0xbb ./src/lib/cube_f103/Drivers/STM32F1xx_HAL_Driver/Src/stm32f1xx_hal_cortex.o
 .debug_rnglists
                0x00000265       0x3f ./src/lib/cube_f103/Drivers/STM32F1xx_HAL_Driver/Src/stm32f1xx_hal_gpio.o
 .debug_rnglists
                0x000002a4       0x6c ./src/lib/cube_f103/Drivers/STM32F1xx_HAL_Driver/Src/stm32f1xx_hal_rcc.o
 .debug_rnglists
                0x00000310       0x13 ./src/main.o

.debug_macro    0x00000000    0x17088
 .debug_macro   0x00000000      0x2a5 ./src/ap/ap.o
 .debug_macro   0x000002a5      0xac0 ./src/ap/ap.o
 .debug_macro   0x00000d65       0x22 ./src/ap/ap.o
 .debug_macro   0x00000d87       0x5b ./src/ap/ap.o
 .debug_macro   0x00000de2       0x24 ./src/ap/ap.o
 .debug_macro   0x00000e06       0x94 ./src/ap/ap.o
 .debug_macro   0x00000e9a       0x43 ./src/ap/ap.o
 .debug_macro   0x00000edd       0x34 ./src/ap/ap.o
 .debug_macro   0x00000f11       0x16 ./src/ap/ap.o
 .debug_macro   0x00000f27       0x57 ./src/ap/ap.o
 .debug_macro   0x00000f7e       0x9e ./src/ap/ap.o
 .debug_macro   0x0000101c      0x370 ./src/ap/ap.o
 .debug_macro   0x0000138c      0x112 ./src/ap/ap.o
 .debug_macro   0x0000149e       0x10 ./src/ap/ap.o
 .debug_macro   0x000014ae       0x16 ./src/ap/ap.o
 .debug_macro   0x000014c4       0x4a ./src/ap/ap.o
 .debug_macro   0x0000150e       0x34 ./src/ap/ap.o
 .debug_macro   0x00001542       0x10 ./src/ap/ap.o
 .debug_macro   0x00001552       0x58 ./src/ap/ap.o
 .debug_macro   0x000015aa       0x8e ./src/ap/ap.o
 .debug_macro   0x00001638       0x1c ./src/ap/ap.o
 .debug_macro   0x00001654      0x185 ./src/ap/ap.o
 .debug_macro   0x000017d9       0x16 ./src/ap/ap.o
 .debug_macro   0x000017ef       0x16 ./src/ap/ap.o
 .debug_macro   0x00001805      0x146 ./src/ap/ap.o
 .debug_macro   0x0000194b      0x103 ./src/ap/ap.o
 .debug_macro   0x00001a4e       0x6a ./src/ap/ap.o
 .debug_macro   0x00001ab8      0x1df ./src/ap/ap.o
 .debug_macro   0x00001c97       0x22 ./src/ap/ap.o
 .debug_macro   0x00001cb9      0x20f ./src/ap/ap.o
 .debug_macro   0x00001ec8       0x2e ./src/ap/ap.o
 .debug_macro   0x00001ef6       0x22 ./src/ap/ap.o
 .debug_macro   0x00001f18       0x1c ./src/ap/ap.o
 .debug_macro   0x00001f34       0x22 ./src/ap/ap.o
 .debug_macro   0x00001f56       0xbd ./src/ap/ap.o
 .debug_macro   0x00002013      0xd23 ./src/ap/ap.o
 .debug_macro   0x00002d36     0xe097 ./src/ap/ap.o
 .debug_macro   0x00010dcd       0x43 ./src/ap/ap.o
 .debug_macro   0x00010e10     0x3468 ./src/ap/ap.o
 .debug_macro   0x00014278       0x56 ./src/ap/ap.o
 .debug_macro   0x000142ce      0x5be ./src/ap/ap.o
 .debug_macro   0x0001488c      0x289 ./src/ap/ap.o
 .debug_macro   0x00014b15      0x1cb ./src/ap/ap.o
 .debug_macro   0x00014ce0      0x114 ./src/ap/ap.o
 .debug_macro   0x00014df4      0x1b2 ./src/ap/ap.o
 .debug_macro   0x00014fa6       0x27 ./src/ap/ap.o
 .debug_macro   0x00014fcd      0x136 ./src/ap/ap.o
 .debug_macro   0x00015103      0x1bc ./src/ap/ap.o
 .debug_macro   0x000152bf       0x34 ./src/ap/ap.o
 .debug_macro   0x000152f3       0x3c ./src/ap/ap.o
 .debug_macro   0x0001532f       0x57 ./src/ap/ap.o
 .debug_macro   0x00015386       0x88 ./src/ap/ap.o
 .debug_macro   0x0001540e      0x241 ./src/ap/ap.o
 .debug_macro   0x0001564f      0x141 ./src/ap/ap.o
 .debug_macro   0x00015790       0x83 ./src/ap/ap.o
 .debug_macro   0x00015813       0x28 ./src/ap/ap.o
 .debug_macro   0x0001583b      0x26e ./src/bsp/bsp.o
 .debug_macro   0x00015aa9      0x2af ./src/bsp/stm32f1xx_hal_msp.o
 .debug_macro   0x00015d58      0x2b9 ./src/bsp/stm32f1xx_it.o
 .debug_macro   0x00016011       0xc8 ./src/bsp/system_stm32f1xx.o
 .debug_macro   0x000160d9       0x8e ./src/bsp/system_stm32f1xx.o
 .debug_macro   0x00016167       0x51 ./src/bsp/system_stm32f1xx.o
 .debug_macro   0x000161b8      0x28d ./src/hw/driver/led.o
 .debug_macro   0x00016445      0x29b ./src/hw/hw.o
 .debug_macro   0x000166e0      0x1a3 ./src/lib/cube_f103/Drivers/STM32F1xx_HAL_Driver/Src/stm32f1xx_hal.o
 .debug_macro   0x00016883       0x5c ./src/lib/cube_f103/Drivers/STM32F1xx_HAL_Driver/Src/stm32f1xx_hal.o
 .debug_macro   0x000168df      0x17f ./src/lib/cube_f103/Drivers/STM32F1xx_HAL_Driver/Src/stm32f1xx_hal_cortex.o
 .debug_macro   0x00016a5e      0x1ea ./src/lib/cube_f103/Drivers/STM32F1xx_HAL_Driver/Src/stm32f1xx_hal_gpio.o
 .debug_macro   0x00016c48      0x191 ./src/lib/cube_f103/Drivers/STM32F1xx_HAL_Driver/Src/stm32f1xx_hal_rcc.o
 .debug_macro   0x00016dd9      0x2af ./src/main.o

.debug_line     0x00000000     0x7b3d
 .debug_line    0x00000000      0x9b6 ./src/ap/ap.o
 .debug_line    0x000009b6      0x991 ./src/bsp/bsp.o
 .debug_line    0x00001347      0xa40 ./src/bsp/stm32f1xx_hal_msp.o
 .debug_line    0x00001d87      0xaee ./src/bsp/stm32f1xx_it.o
 .debug_line    0x00002875      0x53a ./src/bsp/system_stm32f1xx.o
 .debug_line    0x00002daf       0x7b ./src/bsp/startup/startup_stm32f103rbtx.o
 .debug_line    0x00002e2a      0xa23 ./src/hw/driver/led.o
 .debug_line    0x0000384d      0x9a6 ./src/hw/hw.o
 .debug_line    0x000041f3      0xa1e ./src/lib/cube_f103/Drivers/STM32F1xx_HAL_Driver/Src/stm32f1xx_hal.o
 .debug_line    0x00004c11      0xbe8 ./src/lib/cube_f103/Drivers/STM32F1xx_HAL_Driver/Src/stm32f1xx_hal_cortex.o
 .debug_line    0x000057f9      0xa79 ./src/lib/cube_f103/Drivers/STM32F1xx_HAL_Driver/Src/stm32f1xx_hal_gpio.o
 .debug_line    0x00006272      0xed9 ./src/lib/cube_f103/Drivers/STM32F1xx_HAL_Driver/Src/stm32f1xx_hal_rcc.o
 .debug_line    0x0000714b      0x9f2 ./src/main.o

.debug_str      0x00000000    0x7f021
 .debug_str     0x00000000    0x7f021 ./src/ap/ap.o
                              0x7e015 (size before relaxing)
 .debug_str     0x0007f021    0x7e149 ./src/bsp/bsp.o
 .debug_str     0x0007f021    0x7e07f ./src/bsp/stm32f1xx_hal_msp.o
 .debug_str     0x0007f021    0x7e094 ./src/bsp/stm32f1xx_it.o
 .debug_str     0x0007f021    0x5430e ./src/bsp/system_stm32f1xx.o
 .debug_str     0x0007f021       0x89 ./src/bsp/startup/startup_stm32f103rbtx.o
 .debug_str     0x0007f021    0x7e136 ./src/hw/driver/led.o
 .debug_str     0x0007f021    0x7dfe0 ./src/hw/hw.o
 .debug_str     0x0007f021    0x7af48 ./src/lib/cube_f103/Drivers/STM32F1xx_HAL_Driver/Src/stm32f1xx_hal.o
 .debug_str     0x0007f021    0x7ae94 ./src/lib/cube_f103/Drivers/STM32F1xx_HAL_Driver/Src/stm32f1xx_hal_cortex.o
 .debug_str     0x0007f021    0x7ab9b ./src/lib/cube_f103/Drivers/STM32F1xx_HAL_Driver/Src/stm32f1xx_hal_gpio.o
 .debug_str     0x0007f021    0x7ac44 ./src/lib/cube_f103/Drivers/STM32F1xx_HAL_Driver/Src/stm32f1xx_hal_rcc.o
 .debug_str     0x0007f021    0x7dff7 ./src/main.o

.comment        0x00000000       0x43
 .comment       0x00000000       0x43 ./src/ap/ap.o
                                 0x44 (size before relaxing)
 .comment       0x00000043       0x44 ./src/bsp/bsp.o
 .comment       0x00000043       0x44 ./src/bsp/stm32f1xx_hal_msp.o
 .comment       0x00000043       0x44 ./src/bsp/stm32f1xx_it.o
 .comment       0x00000043       0x44 ./src/bsp/system_stm32f1xx.o
 .comment       0x00000043       0x44 ./src/hw/driver/led.o
 .comment       0x00000043       0x44 ./src/hw/hw.o
 .comment       0x00000043       0x44 ./src/lib/cube_f103/Drivers/STM32F1xx_HAL_Driver/Src/stm32f1xx_hal.o
 .comment       0x00000043       0x44 ./src/lib/cube_f103/Drivers/STM32F1xx_HAL_Driver/Src/stm32f1xx_hal_cortex.o
 .comment       0x00000043       0x44 ./src/lib/cube_f103/Drivers/STM32F1xx_HAL_Driver/Src/stm32f1xx_hal_gpio.o
 .comment       0x00000043       0x44 ./src/lib/cube_f103/Drivers/STM32F1xx_HAL_Driver/Src/stm32f1xx_hal_rcc.o
 .comment       0x00000043       0x44 ./src/main.o

.debug_frame    0x00000000      0xe98
 .debug_frame   0x00000000       0x4c ./src/ap/ap.o
 .debug_frame   0x0000004c       0xb0 ./src/bsp/bsp.o
 .debug_frame   0x000000fc       0x38 ./src/bsp/stm32f1xx_hal_msp.o
 .debug_frame   0x00000134      0x104 ./src/bsp/stm32f1xx_it.o
 .debug_frame   0x00000238       0x58 ./src/bsp/system_stm32f1xx.o
 .debug_frame   0x00000290       0xa0 ./src/hw/driver/led.o
 .debug_frame   0x00000330       0x2c ./src/hw/hw.o
 .debug_frame   0x0000035c      0x334 ./src/lib/cube_f103/Drivers/STM32F1xx_HAL_Driver/Src/stm32f1xx_hal.o
 .debug_frame   0x00000690      0x428 ./src/lib/cube_f103/Drivers/STM32F1xx_HAL_Driver/Src/stm32f1xx_hal_cortex.o
 .debug_frame   0x00000ab8      0x14c ./src/lib/cube_f103/Drivers/STM32F1xx_HAL_Driver/Src/stm32f1xx_hal_gpio.o
 .debug_frame   0x00000c04      0x21c ./src/lib/cube_f103/Drivers/STM32F1xx_HAL_Driver/Src/stm32f1xx_hal_rcc.o
 .debug_frame   0x00000e20       0x2c ./src/main.o
 .debug_frame   0x00000e4c       0x20 /opt/st/stm32cubeide_1.18.0/plugins/com.st.stm32cube.ide.mcu.externaltools.gnu-tools-for-stm32.13.3.rel1.linux64_1.0.0.202410170706/tools/bin/../lib/gcc/arm-none-eabi/13.3.1/../../../../arm-none-eabi/lib/thumb/v7-m/nofp/libc_nano.a(libc_a-memset.o)
 .debug_frame   0x00000e6c       0x2c /opt/st/stm32cubeide_1.18.0/plugins/com.st.stm32cube.ide.mcu.externaltools.gnu-tools-for-stm32.13.3.rel1.linux64_1.0.0.202410170706/tools/bin/../lib/gcc/arm-none-eabi/13.3.1/../../../../arm-none-eabi/lib/thumb/v7-m/nofp/libc_nano.a(libc_a-init.o)

.debug_line_str
                0x00000000       0x6d
 .debug_line_str
                0x00000000       0x6d ./src/bsp/startup/startup_stm32f103rbtx.o
