16:38:31 **** Clean-only build of configuration Debug for project stm32f103_fw ****
make -j16 clean 
rm -rf ./src/lib/cube_f103/Drivers/STM32F1xx_HAL_Driver/Src/stm32f1xx_hal.cyclo ./src/lib/cube_f103/Drivers/STM32F1xx_HAL_Driver/Src/stm32f1xx_hal.d ./src/lib/cube_f103/Drivers/STM32F1xx_HAL_Driver/Src/stm32f1xx_hal.o ./src/lib/cube_f103/Drivers/STM32F1xx_HAL_Driver/Src/stm32f1xx_hal.su ./src/lib/cube_f103/Drivers/STM32F1xx_HAL_Driver/Src/stm32f1xx_hal_cortex.cyclo ./src/lib/cube_f103/Drivers/STM32F1xx_HAL_Driver/Src/stm32f1xx_hal_cortex.d ./src/lib/cube_f103/Drivers/STM32F1xx_HAL_Driver/Src/stm32f1xx_hal_cortex.o ./src/lib/cube_f103/Drivers/STM32F1xx_HAL_Driver/Src/stm32f1xx_hal_cortex.su ./src/lib/cube_f103/Drivers/STM32F1xx_HAL_Driver/Src/stm32f1xx_hal_dma.cyclo ./src/lib/cube_f103/Drivers/STM32F1xx_HAL_Driver/Src/stm32f1xx_hal_dma.d ./src/lib/cube_f103/Drivers/STM32F1xx_HAL_Driver/Src/stm32f1xx_hal_dma.o ./src/lib/cube_f103/Drivers/STM32F1xx_HAL_Driver/Src/stm32f1xx_hal_dma.su ./src/lib/cube_f103/Drivers/STM32F1xx_HAL_Driver/Src/stm32f1xx_hal_exti.cyclo ./src/lib/cube_f103/Drivers/STM32F1xx_HAL_Driver/Src/stm32f1xx_hal_exti.d ./src/lib/cube_f103/Drivers/STM32F1xx_HAL_Driver/Src/stm32f1xx_hal_exti.o ./src/lib/cube_f103/Drivers/STM32F1xx_HAL_Driver/Src/stm32f1xx_hal_exti.su ./src/lib/cube_f103/Drivers/STM32F1xx_HAL_Driver/Src/stm32f1xx_hal_flash.cyclo ./src/lib/cube_f103/Drivers/STM32F1xx_HAL_Driver/Src/stm32f1xx_hal_flash.d ./src/lib/cube_f103/Drivers/STM32F1xx_HAL_Driver/Src/stm32f1xx_hal_flash.o ./src/lib/cube_f103/Drivers/STM32F1xx_HAL_Driver/Src/stm32f1xx_hal_flash.su ./src/lib/cube_f103/Drivers/STM32F1xx_HAL_Driver/Src/stm32f1xx_hal_flash_ex.cyclo ./src/lib/cube_f103/Drivers/STM32F1xx_HAL_Driver/Src/stm32f1xx_hal_flash_ex.d ./src/lib/cube_f103/Drivers/STM32F1xx_HAL_Driver/Src/stm32f1xx_hal_flash_ex.o ./src/lib/cube_f103/Drivers/STM32F1xx_HAL_Driver/Src/stm32f1xx_hal_flash_ex.su ./src/lib/cube_f103/Drivers/STM32F1xx_HAL_Driver/Src/stm32f1xx_hal_gpio.cyclo ./src/lib/cube_f103/Drivers/STM32F1xx_HAL_Driver/Src/stm32f1xx_hal_gpio.d ./src/lib/cube_f103/Drivers/STM32F1xx_HAL_Driver/Src/stm32f1xx_hal_gpio.o ./src/lib/cube_f103/Drivers/STM32F1xx_HAL_Driver/Src/stm32f1xx_hal_gpio.su ./src/lib/cube_f103/Drivers/STM32F1xx_HAL_Driver/Src/stm32f1xx_hal_gpio_ex.cyclo ./src/lib/cube_f103/Drivers/STM32F1xx_HAL_Driver/Src/stm32f1xx_hal_gpio_ex.d ./src/lib/cube_f103/Drivers/STM32F1xx_HAL_Driver/Src/stm32f1xx_hal_gpio_ex.o ./src/lib/cube_f103/Drivers/STM32F1xx_HAL_Driver/Src/stm32f1xx_hal_gpio_ex.su ./src/lib/cube_f103/Drivers/STM32F1xx_HAL_Driver/Src/stm32f1xx_hal_pwr.cyclo ./src/lib/cube_f103/Drivers/STM32F1xx_HAL_Driver/Src/stm32f1xx_hal_pwr.d ./src/lib/cube_f103/Drivers/STM32F1xx_HAL_Driver/Src/stm32f1xx_hal_pwr.o ./src/lib/cube_f103/Drivers/STM32F1xx_HAL_Driver/Src/stm32f1xx_hal_pwr.su ./src/lib/cube_f103/Drivers/STM32F1xx_HAL_Driver/Src/stm32f1xx_hal_rcc.cyclo ./src/lib/cube_f103/Drivers/STM32F1xx_HAL_Driver/Src/stm32f1xx_hal_rcc.d ./src/lib/cube_f103/Drivers/STM32F1xx_HAL_Driver/Src/stm32f1xx_hal_rcc.o ./src/lib/cube_f103/Drivers/STM32F1xx_HAL_Driver/Src/stm32f1xx_hal_rcc.su ./src/lib/cube_f103/Drivers/STM32F1xx_HAL_Driver/Src/stm32f1xx_hal_rcc_ex.cyclo ./src/lib/cube_f103/Drivers/STM32F1xx_HAL_Driver/Src/stm32f1xx_hal_rcc_ex.d ./src/lib/cube_f103/Drivers/STM32F1xx_HAL_Driver/Src/stm32f1xx_hal_rcc_ex.o ./src/lib/cube_f103/Drivers/STM32F1xx_HAL_Driver/Src/stm32f1xx_hal_rcc_ex.su
rm -rf ./src/hw/driver/led.cyclo ./src/hw/driver/led.d ./src/hw/driver/led.o ./src/hw/driver/led.su
rm -rf ./src/hw/hw.cyclo ./src/hw/hw.d ./src/hw/hw.o ./src/hw/hw.su
rm -rf ./src/bsp/startup/startup_stm32f103rbtx.d ./src/bsp/startup/startup_stm32f103rbtx.o
rm -rf ./src/bsp/bsp.cyclo ./src/bsp/bsp.d ./src/bsp/bsp.o ./src/bsp/bsp.su ./src/bsp/stm32f1xx_hal_msp.cyclo ./src/bsp/stm32f1xx_hal_msp.d ./src/bsp/stm32f1xx_hal_msp.o ./src/bsp/stm32f1xx_hal_msp.su ./src/bsp/stm32f1xx_it.cyclo ./src/bsp/stm32f1xx_it.d ./src/bsp/stm32f1xx_it.o ./src/bsp/stm32f1xx_it.su ./src/bsp/syscalls.cyclo ./src/bsp/syscalls.d ./src/bsp/syscalls.o ./src/bsp/syscalls.su ./src/bsp/sysmem.cyclo ./src/bsp/sysmem.d ./src/bsp/sysmem.o ./src/bsp/sysmem.su ./src/bsp/system_stm32f1xx.cyclo ./src/bsp/system_stm32f1xx.d ./src/bsp/system_stm32f1xx.o ./src/bsp/system_stm32f1xx.su
rm -rf ./src/ap/ap.cyclo ./src/ap/ap.d ./src/ap/ap.o ./src/ap/ap.su
rm -rf ./src/main.cyclo ./src/main.d ./src/main.o ./src/main.su
rm -rf default.size.stdout stm32f103_fw.elf stm32f103_fw.list stm32f103_fw.map
 
16:38:32 **** Incremental Build of configuration Debug for project stm32f103_fw ****
make -j16 all 
arm-none-eabi-gcc "../src/lib/cube_f103/Drivers/STM32F1xx_HAL_Driver/Src/stm32f1xx_hal.c" -mcpu=cortex-m3 -std=gnu11 -g -DSTM32F103xB -c -I"D:/workspace_STM/stm32f103_fw/src" -I"D:/workspace_STM/stm32f103_fw/src/ap" -I"D:/workspace_STM/stm32f103_fw/src/bsp" -I"D:/workspace_STM/stm32f103_fw/src/common" -I"D:/workspace_STM/stm32f103_fw/src/hw" -I"D:/workspace_STM/stm32f103_fw/src/lib" -I"D:/workspace_STM/stm32f103_fw/src/lib/cube_f103/Drivers/CMSIS/Device/ST/STM32F1xx/Include" -I"D:/workspace_STM/stm32f103_fw/src/lib/cube_f103/Drivers/CMSIS/Include" -I"D:/workspace_STM/stm32f103_fw/src/lib/cube_f103/Drivers/STM32F1xx_HAL_Driver/Inc" -I"D:/workspace_STM/stm32f103_fw/src/common/hw/include" -O0 -ffunction-sections -fdata-sections -Wall -fstack-usage -fcyclomatic-complexity -MMD -MP -MF"src/lib/cube_f103/Drivers/STM32F1xx_HAL_Driver/Src/stm32f1xx_hal.d" -MT"src/lib/cube_f103/Drivers/STM32F1xx_HAL_Driver/Src/stm32f1xx_hal.o" --specs=nano.specs -mfloat-abi=soft -mthumb -o "src/lib/cube_f103/Drivers/STM32F1xx_HAL_Driver/Src/stm32f1xx_hal.o"
arm-none-eabi-gcc "../src/lib/cube_f103/Drivers/STM32F1xx_HAL_Driver/Src/stm32f1xx_hal_cortex.c" -mcpu=cortex-m3 -std=gnu11 -g -DSTM32F103xB -c -I"D:/workspace_STM/stm32f103_fw/src" -I"D:/workspace_STM/stm32f103_fw/src/ap" -I"D:/workspace_STM/stm32f103_fw/src/bsp" -I"D:/workspace_STM/stm32f103_fw/src/common" -I"D:/workspace_STM/stm32f103_fw/src/hw" -I"D:/workspace_STM/stm32f103_fw/src/lib" -I"D:/workspace_STM/stm32f103_fw/src/lib/cube_f103/Drivers/CMSIS/Device/ST/STM32F1xx/Include" -I"D:/workspace_STM/stm32f103_fw/src/lib/cube_f103/Drivers/CMSIS/Include" -I"D:/workspace_STM/stm32f103_fw/src/lib/cube_f103/Drivers/STM32F1xx_HAL_Driver/Inc" -I"D:/workspace_STM/stm32f103_fw/src/common/hw/include" -O0 -ffunction-sections -fdata-sections -Wall -fstack-usage -fcyclomatic-complexity -MMD -MP -MF"src/lib/cube_f103/Drivers/STM32F1xx_HAL_Driver/Src/stm32f1xx_hal_cortex.d" -MT"src/lib/cube_f103/Drivers/STM32F1xx_HAL_Driver/Src/stm32f1xx_hal_cortex.o" --specs=nano.specs -mfloat-abi=soft -mthumb -o "src/lib/cube_f103/Drivers/STM32F1xx_HAL_Driver/Src/stm32f1xx_hal_cortex.o"
arm-none-eabi-gcc "../src/lib/cube_f103/Drivers/STM32F1xx_HAL_Driver/Src/stm32f1xx_hal_dma.c" -mcpu=cortex-m3 -std=gnu11 -g -DSTM32F103xB -c -I"D:/workspace_STM/stm32f103_fw/src" -I"D:/workspace_STM/stm32f103_fw/src/ap" -I"D:/workspace_STM/stm32f103_fw/src/bsp" -I"D:/workspace_STM/stm32f103_fw/src/common" -I"D:/workspace_STM/stm32f103_fw/src/hw" -I"D:/workspace_STM/stm32f103_fw/src/lib" -I"D:/workspace_STM/stm32f103_fw/src/lib/cube_f103/Drivers/CMSIS/Device/ST/STM32F1xx/Include" -I"D:/workspace_STM/stm32f103_fw/src/lib/cube_f103/Drivers/CMSIS/Include" -I"D:/workspace_STM/stm32f103_fw/src/lib/cube_f103/Drivers/STM32F1xx_HAL_Driver/Inc" -I"D:/workspace_STM/stm32f103_fw/src/common/hw/include" -O0 -ffunction-sections -fdata-sections -Wall -fstack-usage -fcyclomatic-complexity -MMD -MP -MF"src/lib/cube_f103/Drivers/STM32F1xx_HAL_Driver/Src/stm32f1xx_hal_dma.d" -MT"src/lib/cube_f103/Drivers/STM32F1xx_HAL_Driver/Src/stm32f1xx_hal_dma.o" --specs=nano.specs -mfloat-abi=soft -mthumb -o "src/lib/cube_f103/Drivers/STM32F1xx_HAL_Driver/Src/stm32f1xx_hal_dma.o"
arm-none-eabi-gcc "../src/lib/cube_f103/Drivers/STM32F1xx_HAL_Driver/Src/stm32f1xx_hal_exti.c" -mcpu=cortex-m3 -std=gnu11 -g -DSTM32F103xB -c -I"D:/workspace_STM/stm32f103_fw/src" -I"D:/workspace_STM/stm32f103_fw/src/ap" -I"D:/workspace_STM/stm32f103_fw/src/bsp" -I"D:/workspace_STM/stm32f103_fw/src/common" -I"D:/workspace_STM/stm32f103_fw/src/hw" -I"D:/workspace_STM/stm32f103_fw/src/lib" -I"D:/workspace_STM/stm32f103_fw/src/lib/cube_f103/Drivers/CMSIS/Device/ST/STM32F1xx/Include" -I"D:/workspace_STM/stm32f103_fw/src/lib/cube_f103/Drivers/CMSIS/Include" -I"D:/workspace_STM/stm32f103_fw/src/lib/cube_f103/Drivers/STM32F1xx_HAL_Driver/Inc" -I"D:/workspace_STM/stm32f103_fw/src/common/hw/include" -O0 -ffunction-sections -fdata-sections -Wall -fstack-usage -fcyclomatic-complexity -MMD -MP -MF"src/lib/cube_f103/Drivers/STM32F1xx_HAL_Driver/Src/stm32f1xx_hal_exti.d" -MT"src/lib/cube_f103/Drivers/STM32F1xx_HAL_Driver/Src/stm32f1xx_hal_exti.o" --specs=nano.specs -mfloat-abi=soft -mthumb -o "src/lib/cube_f103/Drivers/STM32F1xx_HAL_Driver/Src/stm32f1xx_hal_exti.o"
arm-none-eabi-gcc "../src/lib/cube_f103/Drivers/STM32F1xx_HAL_Driver/Src/stm32f1xx_hal_flash.c" -mcpu=cortex-m3 -std=gnu11 -g -DSTM32F103xB -c -I"D:/workspace_STM/stm32f103_fw/src" -I"D:/workspace_STM/stm32f103_fw/src/ap" -I"D:/workspace_STM/stm32f103_fw/src/bsp" -I"D:/workspace_STM/stm32f103_fw/src/common" -I"D:/workspace_STM/stm32f103_fw/src/hw" -I"D:/workspace_STM/stm32f103_fw/src/lib" -I"D:/workspace_STM/stm32f103_fw/src/lib/cube_f103/Drivers/CMSIS/Device/ST/STM32F1xx/Include" -I"D:/workspace_STM/stm32f103_fw/src/lib/cube_f103/Drivers/CMSIS/Include" -I"D:/workspace_STM/stm32f103_fw/src/lib/cube_f103/Drivers/STM32F1xx_HAL_Driver/Inc" -I"D:/workspace_STM/stm32f103_fw/src/common/hw/include" -O0 -ffunction-sections -fdata-sections -Wall -fstack-usage -fcyclomatic-complexity -MMD -MP -MF"src/lib/cube_f103/Drivers/STM32F1xx_HAL_Driver/Src/stm32f1xx_hal_flash.d" -MT"src/lib/cube_f103/Drivers/STM32F1xx_HAL_Driver/Src/stm32f1xx_hal_flash.o" --specs=nano.specs -mfloat-abi=soft -mthumb -o "src/lib/cube_f103/Drivers/STM32F1xx_HAL_Driver/Src/stm32f1xx_hal_flash.o"
arm-none-eabi-gcc "../src/lib/cube_f103/Drivers/STM32F1xx_HAL_Driver/Src/stm32f1xx_hal_flash_ex.c" -mcpu=cortex-m3 -std=gnu11 -g -DSTM32F103xB -c -I"D:/workspace_STM/stm32f103_fw/src" -I"D:/workspace_STM/stm32f103_fw/src/ap" -I"D:/workspace_STM/stm32f103_fw/src/bsp" -I"D:/workspace_STM/stm32f103_fw/src/common" -I"D:/workspace_STM/stm32f103_fw/src/hw" -I"D:/workspace_STM/stm32f103_fw/src/lib" -I"D:/workspace_STM/stm32f103_fw/src/lib/cube_f103/Drivers/CMSIS/Device/ST/STM32F1xx/Include" -I"D:/workspace_STM/stm32f103_fw/src/lib/cube_f103/Drivers/CMSIS/Include" -I"D:/workspace_STM/stm32f103_fw/src/lib/cube_f103/Drivers/STM32F1xx_HAL_Driver/Inc" -I"D:/workspace_STM/stm32f103_fw/src/common/hw/include" -O0 -ffunction-sections -fdata-sections -Wall -fstack-usage -fcyclomatic-complexity -MMD -MP -MF"src/lib/cube_f103/Drivers/STM32F1xx_HAL_Driver/Src/stm32f1xx_hal_flash_ex.d" -MT"src/lib/cube_f103/Drivers/STM32F1xx_HAL_Driver/Src/stm32f1xx_hal_flash_ex.o" --specs=nano.specs -mfloat-abi=soft -mthumb -o "src/lib/cube_f103/Drivers/STM32F1xx_HAL_Driver/Src/stm32f1xx_hal_flash_ex.o"
arm-none-eabi-gcc "../src/lib/cube_f103/Drivers/STM32F1xx_HAL_Driver/Src/stm32f1xx_hal_gpio.c" -mcpu=cortex-m3 -std=gnu11 -g -DSTM32F103xB -c -I"D:/workspace_STM/stm32f103_fw/src" -I"D:/workspace_STM/stm32f103_fw/src/ap" -I"D:/workspace_STM/stm32f103_fw/src/bsp" -I"D:/workspace_STM/stm32f103_fw/src/common" -I"D:/workspace_STM/stm32f103_fw/src/hw" -I"D:/workspace_STM/stm32f103_fw/src/lib" -I"D:/workspace_STM/stm32f103_fw/src/lib/cube_f103/Drivers/CMSIS/Device/ST/STM32F1xx/Include" -I"D:/workspace_STM/stm32f103_fw/src/lib/cube_f103/Drivers/CMSIS/Include" -I"D:/workspace_STM/stm32f103_fw/src/lib/cube_f103/Drivers/STM32F1xx_HAL_Driver/Inc" -I"D:/workspace_STM/stm32f103_fw/src/common/hw/include" -O0 -ffunction-sections -fdata-sections -Wall -fstack-usage -fcyclomatic-complexity -MMD -MP -MF"src/lib/cube_f103/Drivers/STM32F1xx_HAL_Driver/Src/stm32f1xx_hal_gpio.d" -MT"src/lib/cube_f103/Drivers/STM32F1xx_HAL_Driver/Src/stm32f1xx_hal_gpio.o" --specs=nano.specs -mfloat-abi=soft -mthumb -o "src/lib/cube_f103/Drivers/STM32F1xx_HAL_Driver/Src/stm32f1xx_hal_gpio.o"
arm-none-eabi-gcc "../src/lib/cube_f103/Drivers/STM32F1xx_HAL_Driver/Src/stm32f1xx_hal_gpio_ex.c" -mcpu=cortex-m3 -std=gnu11 -g -DSTM32F103xB -c -I"D:/workspace_STM/stm32f103_fw/src" -I"D:/workspace_STM/stm32f103_fw/src/ap" -I"D:/workspace_STM/stm32f103_fw/src/bsp" -I"D:/workspace_STM/stm32f103_fw/src/common" -I"D:/workspace_STM/stm32f103_fw/src/hw" -I"D:/workspace_STM/stm32f103_fw/src/lib" -I"D:/workspace_STM/stm32f103_fw/src/lib/cube_f103/Drivers/CMSIS/Device/ST/STM32F1xx/Include" -I"D:/workspace_STM/stm32f103_fw/src/lib/cube_f103/Drivers/CMSIS/Include" -I"D:/workspace_STM/stm32f103_fw/src/lib/cube_f103/Drivers/STM32F1xx_HAL_Driver/Inc" -I"D:/workspace_STM/stm32f103_fw/src/common/hw/include" -O0 -ffunction-sections -fdata-sections -Wall -fstack-usage -fcyclomatic-complexity -MMD -MP -MF"src/lib/cube_f103/Drivers/STM32F1xx_HAL_Driver/Src/stm32f1xx_hal_gpio_ex.d" -MT"src/lib/cube_f103/Drivers/STM32F1xx_HAL_Driver/Src/stm32f1xx_hal_gpio_ex.o" --specs=nano.specs -mfloat-abi=soft -mthumb -o "src/lib/cube_f103/Drivers/STM32F1xx_HAL_Driver/Src/stm32f1xx_hal_gpio_ex.o"
arm-none-eabi-gcc "../src/lib/cube_f103/Drivers/STM32F1xx_HAL_Driver/Src/stm32f1xx_hal_pwr.c" -mcpu=cortex-m3 -std=gnu11 -g -DSTM32F103xB -c -I"D:/workspace_STM/stm32f103_fw/src" -I"D:/workspace_STM/stm32f103_fw/src/ap" -I"D:/workspace_STM/stm32f103_fw/src/bsp" -I"D:/workspace_STM/stm32f103_fw/src/common" -I"D:/workspace_STM/stm32f103_fw/src/hw" -I"D:/workspace_STM/stm32f103_fw/src/lib" -I"D:/workspace_STM/stm32f103_fw/src/lib/cube_f103/Drivers/CMSIS/Device/ST/STM32F1xx/Include" -I"D:/workspace_STM/stm32f103_fw/src/lib/cube_f103/Drivers/CMSIS/Include" -I"D:/workspace_STM/stm32f103_fw/src/lib/cube_f103/Drivers/STM32F1xx_HAL_Driver/Inc" -I"D:/workspace_STM/stm32f103_fw/src/common/hw/include" -O0 -ffunction-sections -fdata-sections -Wall -fstack-usage -fcyclomatic-complexity -MMD -MP -MF"src/lib/cube_f103/Drivers/STM32F1xx_HAL_Driver/Src/stm32f1xx_hal_pwr.d" -MT"src/lib/cube_f103/Drivers/STM32F1xx_HAL_Driver/Src/stm32f1xx_hal_pwr.o" --specs=nano.specs -mfloat-abi=soft -mthumb -o "src/lib/cube_f103/Drivers/STM32F1xx_HAL_Driver/Src/stm32f1xx_hal_pwr.o"
arm-none-eabi-gcc "../src/lib/cube_f103/Drivers/STM32F1xx_HAL_Driver/Src/stm32f1xx_hal_rcc.c" -mcpu=cortex-m3 -std=gnu11 -g -DSTM32F103xB -c -I"D:/workspace_STM/stm32f103_fw/src" -I"D:/workspace_STM/stm32f103_fw/src/ap" -I"D:/workspace_STM/stm32f103_fw/src/bsp" -I"D:/workspace_STM/stm32f103_fw/src/common" -I"D:/workspace_STM/stm32f103_fw/src/hw" -I"D:/workspace_STM/stm32f103_fw/src/lib" -I"D:/workspace_STM/stm32f103_fw/src/lib/cube_f103/Drivers/CMSIS/Device/ST/STM32F1xx/Include" -I"D:/workspace_STM/stm32f103_fw/src/lib/cube_f103/Drivers/CMSIS/Include" -I"D:/workspace_STM/stm32f103_fw/src/lib/cube_f103/Drivers/STM32F1xx_HAL_Driver/Inc" -I"D:/workspace_STM/stm32f103_fw/src/common/hw/include" -O0 -ffunction-sections -fdata-sections -Wall -fstack-usage -fcyclomatic-complexity -MMD -MP -MF"src/lib/cube_f103/Drivers/STM32F1xx_HAL_Driver/Src/stm32f1xx_hal_rcc.d" -MT"src/lib/cube_f103/Drivers/STM32F1xx_HAL_Driver/Src/stm32f1xx_hal_rcc.o" --specs=nano.specs -mfloat-abi=soft -mthumb -o "src/lib/cube_f103/Drivers/STM32F1xx_HAL_Driver/Src/stm32f1xx_hal_rcc.o"
arm-none-eabi-gcc "../src/lib/cube_f103/Drivers/STM32F1xx_HAL_Driver/Src/stm32f1xx_hal_rcc_ex.c" -mcpu=cortex-m3 -std=gnu11 -g -DSTM32F103xB -c -I"D:/workspace_STM/stm32f103_fw/src" -I"D:/workspace_STM/stm32f103_fw/src/ap" -I"D:/workspace_STM/stm32f103_fw/src/bsp" -I"D:/workspace_STM/stm32f103_fw/src/common" -I"D:/workspace_STM/stm32f103_fw/src/hw" -I"D:/workspace_STM/stm32f103_fw/src/lib" -I"D:/workspace_STM/stm32f103_fw/src/lib/cube_f103/Drivers/CMSIS/Device/ST/STM32F1xx/Include" -I"D:/workspace_STM/stm32f103_fw/src/lib/cube_f103/Drivers/CMSIS/Include" -I"D:/workspace_STM/stm32f103_fw/src/lib/cube_f103/Drivers/STM32F1xx_HAL_Driver/Inc" -I"D:/workspace_STM/stm32f103_fw/src/common/hw/include" -O0 -ffunction-sections -fdata-sections -Wall -fstack-usage -fcyclomatic-complexity -MMD -MP -MF"src/lib/cube_f103/Drivers/STM32F1xx_HAL_Driver/Src/stm32f1xx_hal_rcc_ex.d" -MT"src/lib/cube_f103/Drivers/STM32F1xx_HAL_Driver/Src/stm32f1xx_hal_rcc_ex.o" --specs=nano.specs -mfloat-abi=soft -mthumb -o "src/lib/cube_f103/Drivers/STM32F1xx_HAL_Driver/Src/stm32f1xx_hal_rcc_ex.o"
arm-none-eabi-gcc "../src/hw/driver/led.c" -mcpu=cortex-m3 -std=gnu11 -g -DSTM32F103xB -c -I"D:/workspace_STM/stm32f103_fw/src" -I"D:/workspace_STM/stm32f103_fw/src/ap" -I"D:/workspace_STM/stm32f103_fw/src/bsp" -I"D:/workspace_STM/stm32f103_fw/src/common" -I"D:/workspace_STM/stm32f103_fw/src/hw" -I"D:/workspace_STM/stm32f103_fw/src/lib" -I"D:/workspace_STM/stm32f103_fw/src/lib/cube_f103/Drivers/CMSIS/Device/ST/STM32F1xx/Include" -I"D:/workspace_STM/stm32f103_fw/src/lib/cube_f103/Drivers/CMSIS/Include" -I"D:/workspace_STM/stm32f103_fw/src/lib/cube_f103/Drivers/STM32F1xx_HAL_Driver/Inc" -I"D:/workspace_STM/stm32f103_fw/src/common/hw/include" -O0 -ffunction-sections -fdata-sections -Wall -fstack-usage -fcyclomatic-complexity -MMD -MP -MF"src/hw/driver/led.d" -MT"src/hw/driver/led.o" --specs=nano.specs -mfloat-abi=soft -mthumb -o "src/hw/driver/led.o"
arm-none-eabi-gcc "../src/hw/hw.c" -mcpu=cortex-m3 -std=gnu11 -g -DSTM32F103xB -c -I"D:/workspace_STM/stm32f103_fw/src" -I"D:/workspace_STM/stm32f103_fw/src/ap" -I"D:/workspace_STM/stm32f103_fw/src/bsp" -I"D:/workspace_STM/stm32f103_fw/src/common" -I"D:/workspace_STM/stm32f103_fw/src/hw" -I"D:/workspace_STM/stm32f103_fw/src/lib" -I"D:/workspace_STM/stm32f103_fw/src/lib/cube_f103/Drivers/CMSIS/Device/ST/STM32F1xx/Include" -I"D:/workspace_STM/stm32f103_fw/src/lib/cube_f103/Drivers/CMSIS/Include" -I"D:/workspace_STM/stm32f103_fw/src/lib/cube_f103/Drivers/STM32F1xx_HAL_Driver/Inc" -I"D:/workspace_STM/stm32f103_fw/src/common/hw/include" -O0 -ffunction-sections -fdata-sections -Wall -fstack-usage -fcyclomatic-complexity -MMD -MP -MF"src/hw/hw.d" -MT"src/hw/hw.o" --specs=nano.specs -mfloat-abi=soft -mthumb -o "src/hw/hw.o"
arm-none-eabi-gcc -mcpu=cortex-m3 -g -DDEBUG -c -x assembler-with-cpp -MMD -MP -MF"src/bsp/startup/startup_stm32f103rbtx.d" -MT"src/bsp/startup/startup_stm32f103rbtx.o" --specs=nano.specs -mfloat-abi=soft -mthumb -o "src/bsp/startup/startup_stm32f103rbtx.o" "../src/bsp/startup/startup_stm32f103rbtx.s"
arm-none-eabi-gcc "../src/bsp/bsp.c" -mcpu=cortex-m3 -std=gnu11 -g -DSTM32F103xB -c -I"D:/workspace_STM/stm32f103_fw/src" -I"D:/workspace_STM/stm32f103_fw/src/ap" -I"D:/workspace_STM/stm32f103_fw/src/bsp" -I"D:/workspace_STM/stm32f103_fw/src/common" -I"D:/workspace_STM/stm32f103_fw/src/hw" -I"D:/workspace_STM/stm32f103_fw/src/lib" -I"D:/workspace_STM/stm32f103_fw/src/lib/cube_f103/Drivers/CMSIS/Device/ST/STM32F1xx/Include" -I"D:/workspace_STM/stm32f103_fw/src/lib/cube_f103/Drivers/CMSIS/Include" -I"D:/workspace_STM/stm32f103_fw/src/lib/cube_f103/Drivers/STM32F1xx_HAL_Driver/Inc" -I"D:/workspace_STM/stm32f103_fw/src/common/hw/include" -O0 -ffunction-sections -fdata-sections -Wall -fstack-usage -fcyclomatic-complexity -MMD -MP -MF"src/bsp/bsp.d" -MT"src/bsp/bsp.o" --specs=nano.specs -mfloat-abi=soft -mthumb -o "src/bsp/bsp.o"
arm-none-eabi-gcc "../src/bsp/stm32f1xx_hal_msp.c" -mcpu=cortex-m3 -std=gnu11 -g -DSTM32F103xB -c -I"D:/workspace_STM/stm32f103_fw/src" -I"D:/workspace_STM/stm32f103_fw/src/ap" -I"D:/workspace_STM/stm32f103_fw/src/bsp" -I"D:/workspace_STM/stm32f103_fw/src/common" -I"D:/workspace_STM/stm32f103_fw/src/hw" -I"D:/workspace_STM/stm32f103_fw/src/lib" -I"D:/workspace_STM/stm32f103_fw/src/lib/cube_f103/Drivers/CMSIS/Device/ST/STM32F1xx/Include" -I"D:/workspace_STM/stm32f103_fw/src/lib/cube_f103/Drivers/CMSIS/Include" -I"D:/workspace_STM/stm32f103_fw/src/lib/cube_f103/Drivers/STM32F1xx_HAL_Driver/Inc" -I"D:/workspace_STM/stm32f103_fw/src/common/hw/include" -O0 -ffunction-sections -fdata-sections -Wall -fstack-usage -fcyclomatic-complexity -MMD -MP -MF"src/bsp/stm32f1xx_hal_msp.d" -MT"src/bsp/stm32f1xx_hal_msp.o" --specs=nano.specs -mfloat-abi=soft -mthumb -o "src/bsp/stm32f1xx_hal_msp.o"
arm-none-eabi-gcc "../src/bsp/stm32f1xx_it.c" -mcpu=cortex-m3 -std=gnu11 -g -DSTM32F103xB -c -I"D:/workspace_STM/stm32f103_fw/src" -I"D:/workspace_STM/stm32f103_fw/src/ap" -I"D:/workspace_STM/stm32f103_fw/src/bsp" -I"D:/workspace_STM/stm32f103_fw/src/common" -I"D:/workspace_STM/stm32f103_fw/src/hw" -I"D:/workspace_STM/stm32f103_fw/src/lib" -I"D:/workspace_STM/stm32f103_fw/src/lib/cube_f103/Drivers/CMSIS/Device/ST/STM32F1xx/Include" -I"D:/workspace_STM/stm32f103_fw/src/lib/cube_f103/Drivers/CMSIS/Include" -I"D:/workspace_STM/stm32f103_fw/src/lib/cube_f103/Drivers/STM32F1xx_HAL_Driver/Inc" -I"D:/workspace_STM/stm32f103_fw/src/common/hw/include" -O0 -ffunction-sections -fdata-sections -Wall -fstack-usage -fcyclomatic-complexity -MMD -MP -MF"src/bsp/stm32f1xx_it.d" -MT"src/bsp/stm32f1xx_it.o" --specs=nano.specs -mfloat-abi=soft -mthumb -o "src/bsp/stm32f1xx_it.o"
arm-none-eabi-gcc "../src/bsp/syscalls.c" -mcpu=cortex-m3 -std=gnu11 -g -DSTM32F103xB -c -I"D:/workspace_STM/stm32f103_fw/src" -I"D:/workspace_STM/stm32f103_fw/src/ap" -I"D:/workspace_STM/stm32f103_fw/src/bsp" -I"D:/workspace_STM/stm32f103_fw/src/common" -I"D:/workspace_STM/stm32f103_fw/src/hw" -I"D:/workspace_STM/stm32f103_fw/src/lib" -I"D:/workspace_STM/stm32f103_fw/src/lib/cube_f103/Drivers/CMSIS/Device/ST/STM32F1xx/Include" -I"D:/workspace_STM/stm32f103_fw/src/lib/cube_f103/Drivers/CMSIS/Include" -I"D:/workspace_STM/stm32f103_fw/src/lib/cube_f103/Drivers/STM32F1xx_HAL_Driver/Inc" -I"D:/workspace_STM/stm32f103_fw/src/common/hw/include" -O0 -ffunction-sections -fdata-sections -Wall -fstack-usage -fcyclomatic-complexity -MMD -MP -MF"src/bsp/syscalls.d" -MT"src/bsp/syscalls.o" --specs=nano.specs -mfloat-abi=soft -mthumb -o "src/bsp/syscalls.o"
arm-none-eabi-gcc "../src/bsp/sysmem.c" -mcpu=cortex-m3 -std=gnu11 -g -DSTM32F103xB -c -I"D:/workspace_STM/stm32f103_fw/src" -I"D:/workspace_STM/stm32f103_fw/src/ap" -I"D:/workspace_STM/stm32f103_fw/src/bsp" -I"D:/workspace_STM/stm32f103_fw/src/common" -I"D:/workspace_STM/stm32f103_fw/src/hw" -I"D:/workspace_STM/stm32f103_fw/src/lib" -I"D:/workspace_STM/stm32f103_fw/src/lib/cube_f103/Drivers/CMSIS/Device/ST/STM32F1xx/Include" -I"D:/workspace_STM/stm32f103_fw/src/lib/cube_f103/Drivers/CMSIS/Include" -I"D:/workspace_STM/stm32f103_fw/src/lib/cube_f103/Drivers/STM32F1xx_HAL_Driver/Inc" -I"D:/workspace_STM/stm32f103_fw/src/common/hw/include" -O0 -ffunction-sections -fdata-sections -Wall -fstack-usage -fcyclomatic-complexity -MMD -MP -MF"src/bsp/sysmem.d" -MT"src/bsp/sysmem.o" --specs=nano.specs -mfloat-abi=soft -mthumb -o "src/bsp/sysmem.o"
arm-none-eabi-gcc "../src/bsp/system_stm32f1xx.c" -mcpu=cortex-m3 -std=gnu11 -g -DSTM32F103xB -c -I"D:/workspace_STM/stm32f103_fw/src" -I"D:/workspace_STM/stm32f103_fw/src/ap" -I"D:/workspace_STM/stm32f103_fw/src/bsp" -I"D:/workspace_STM/stm32f103_fw/src/common" -I"D:/workspace_STM/stm32f103_fw/src/hw" -I"D:/workspace_STM/stm32f103_fw/src/lib" -I"D:/workspace_STM/stm32f103_fw/src/lib/cube_f103/Drivers/CMSIS/Device/ST/STM32F1xx/Include" -I"D:/workspace_STM/stm32f103_fw/src/lib/cube_f103/Drivers/CMSIS/Include" -I"D:/workspace_STM/stm32f103_fw/src/lib/cube_f103/Drivers/STM32F1xx_HAL_Driver/Inc" -I"D:/workspace_STM/stm32f103_fw/src/common/hw/include" -O0 -ffunction-sections -fdata-sections -Wall -fstack-usage -fcyclomatic-complexity -MMD -MP -MF"src/bsp/system_stm32f1xx.d" -MT"src/bsp/system_stm32f1xx.o" --specs=nano.specs -mfloat-abi=soft -mthumb -o "src/bsp/system_stm32f1xx.o"
arm-none-eabi-gcc "../src/ap/ap.c" -mcpu=cortex-m3 -std=gnu11 -g -DSTM32F103xB -c -I"D:/workspace_STM/stm32f103_fw/src" -I"D:/workspace_STM/stm32f103_fw/src/ap" -I"D:/workspace_STM/stm32f103_fw/src/bsp" -I"D:/workspace_STM/stm32f103_fw/src/common" -I"D:/workspace_STM/stm32f103_fw/src/hw" -I"D:/workspace_STM/stm32f103_fw/src/lib" -I"D:/workspace_STM/stm32f103_fw/src/lib/cube_f103/Drivers/CMSIS/Device/ST/STM32F1xx/Include" -I"D:/workspace_STM/stm32f103_fw/src/lib/cube_f103/Drivers/CMSIS/Include" -I"D:/workspace_STM/stm32f103_fw/src/lib/cube_f103/Drivers/STM32F1xx_HAL_Driver/Inc" -I"D:/workspace_STM/stm32f103_fw/src/common/hw/include" -O0 -ffunction-sections -fdata-sections -Wall -fstack-usage -fcyclomatic-complexity -MMD -MP -MF"src/ap/ap.d" -MT"src/ap/ap.o" --specs=nano.specs -mfloat-abi=soft -mthumb -o "src/ap/ap.o"
arm-none-eabi-gcc "../src/main.c" -mcpu=cortex-m3 -std=gnu11 -g -DSTM32F103xB -c -I"D:/workspace_STM/stm32f103_fw/src" -I"D:/workspace_STM/stm32f103_fw/src/ap" -I"D:/workspace_STM/stm32f103_fw/src/bsp" -I"D:/workspace_STM/stm32f103_fw/src/common" -I"D:/workspace_STM/stm32f103_fw/src/hw" -I"D:/workspace_STM/stm32f103_fw/src/lib" -I"D:/workspace_STM/stm32f103_fw/src/lib/cube_f103/Drivers/CMSIS/Device/ST/STM32F1xx/Include" -I"D:/workspace_STM/stm32f103_fw/src/lib/cube_f103/Drivers/CMSIS/Include" -I"D:/workspace_STM/stm32f103_fw/src/lib/cube_f103/Drivers/STM32F1xx_HAL_Driver/Inc" -I"D:/workspace_STM/stm32f103_fw/src/common/hw/include" -O0 -ffunction-sections -fdata-sections -Wall -fstack-usage -fcyclomatic-complexity -MMD -MP -MF"src/main.d" -MT"src/main.o" --specs=nano.specs -mfloat-abi=soft -mthumb -o "src/main.o"
arm-none-eabi-gcc -o "stm32f103_fw.elf" @"objects.list"   -mcpu=cortex-m3 -T"D:\workspace_STM\stm32f103_fw\src\bsp\ldscript\STM32F103RBTX_FLASH.ld" --specs=nosys.specs -Wl,-Map="stm32f103_fw.map" -Wl,--gc-sections -static --specs=nano.specs -mfloat-abi=soft -mthumb -Wl,--start-group -lc -lm -Wl,--end-group
Finished building target: stm32f103_fw.elf
 
arm-none-eabi-size  stm32f103_fw.elf 
arm-none-eabi-objdump -h -S stm32f103_fw.elf  > "stm32f103_fw.list"
   text	   data	    bss	    dec	    hex	filename
   4940	     20	   1572	   6532	   1984	stm32f103_fw.elf
Finished building: default.size.stdout
 
Finished building: stm32f103_fw.list
 
16:38:34 **** Incremental Build of configuration Debug for project stm32f103_fw ****
make -j16 all 
arm-none-eabi-size  stm32f103_fw.elf 
   text	   data	    bss	    dec	    hex	filename
   4940	     20	   1572	   6532	   1984	stm32f103_fw.elf
Finished building: default.size.stdout
 
