17:29:18 **** Incremental Build of configuration Debug for project stm32f103_fw ****
make -j20 all 
arm-none-eabi-size  stm32f103_fw.elf 
   text	   data	    bss	    dec	    hex	filename
    620	      0	   1568	   2188	    88c	stm32f103_fw.elf
Finished building: default.size.stdout
 
12:44:45 **** Incremental Build of configuration Debug for project stm32f103_fw ****
make -j20 all 
arm-none-eabi-size  stm32f103_fw.elf 
   text	   data	    bss	    dec	    hex	filename
    620	      0	   1568	   2188	    88c	stm32f103_fw.elf
Finished building: default.size.stdout
 
12:45:02 **** Incremental Build of configuration Debug for project stm32f103_fw ****
make -j20 all 
arm-none-eabi-size  stm32f103_fw.elf 
   text	   data	    bss	    dec	    hex	filename
    620	      0	   1568	   2188	    88c	stm32f103_fw.elf
Finished building: default.size.stdout
 
